Component: ARM Compiler 6.12 Tool: armlink [5d624300]

==============================================================================

Section Cross References

    startup_stm32l476xx.o(RESET) refers to startup_stm32l476xx.o(STACK) for __initial_sp
    startup_stm32l476xx.o(RESET) refers to startup_stm32l476xx.o(.text) for Reset_Handler
    startup_stm32l476xx.o(RESET) refers to stm32l4xx_it.o(.text.NMI_Handler) for NMI_Handler
    startup_stm32l476xx.o(RESET) refers to stm32l4xx_it.o(.text.HardFault_Handler) for HardFault_Handler
    startup_stm32l476xx.o(RESET) refers to stm32l4xx_it.o(.text.MemManage_Handler) for MemManage_Handler
    startup_stm32l476xx.o(RESET) refers to stm32l4xx_it.o(.text.BusFault_Handler) for BusFault_Handler
    startup_stm32l476xx.o(RESET) refers to stm32l4xx_it.o(.text.UsageFault_Handler) for UsageFault_Handler
    startup_stm32l476xx.o(RESET) refers to stm32l4xx_it.o(.text.SVC_Handler) for SVC_Handler
    startup_stm32l476xx.o(RESET) refers to stm32l4xx_it.o(.text.DebugMon_Handler) for DebugMon_Handler
    startup_stm32l476xx.o(RESET) refers to stm32l4xx_it.o(.text.PendSV_Handler) for PendSV_Handler
    startup_stm32l476xx.o(RESET) refers to stm32l4xx_it.o(.text.SysTick_Handler) for SysTick_Handler
    startup_stm32l476xx.o(.text) refers to system_stm32l4xx.o(.text.SystemInit) for SystemInit
    startup_stm32l476xx.o(.text) refers to entry.o(.ARM.Collect$$$$00000000) for __main
    stm32l4xx_hal_i2c.o(.text.HAL_I2C_Init) refers to i2c.o(.text.HAL_I2C_MspInit) for HAL_I2C_MspInit
    stm32l4xx_hal_i2c.o(.ARM.exidx.text.HAL_I2C_Init) refers to stm32l4xx_hal_i2c.o(.text.HAL_I2C_Init) for [Anonymous Symbol]
    stm32l4xx_hal_i2c.o(.ARM.exidx.text.HAL_I2C_MspInit) refers to stm32l4xx_hal_i2c.o(.text.HAL_I2C_MspInit) for [Anonymous Symbol]
    stm32l4xx_hal_i2c.o(.text.HAL_I2C_DeInit) refers to i2c.o(.text.HAL_I2C_MspDeInit) for HAL_I2C_MspDeInit
    stm32l4xx_hal_i2c.o(.ARM.exidx.text.HAL_I2C_DeInit) refers to stm32l4xx_hal_i2c.o(.text.HAL_I2C_DeInit) for [Anonymous Symbol]
    stm32l4xx_hal_i2c.o(.ARM.exidx.text.HAL_I2C_MspDeInit) refers to stm32l4xx_hal_i2c.o(.text.HAL_I2C_MspDeInit) for [Anonymous Symbol]
    stm32l4xx_hal_i2c.o(.text.HAL_I2C_Master_Transmit) refers to stm32l4xx_hal.o(.text.HAL_GetTick) for HAL_GetTick
    stm32l4xx_hal_i2c.o(.text.HAL_I2C_Master_Transmit) refers to stm32l4xx_hal_i2c.o(.text.I2C_WaitOnFlagUntilTimeout) for I2C_WaitOnFlagUntilTimeout
    stm32l4xx_hal_i2c.o(.text.HAL_I2C_Master_Transmit) refers to stm32l4xx_hal_i2c.o(.text.I2C_TransferConfig) for I2C_TransferConfig
    stm32l4xx_hal_i2c.o(.text.HAL_I2C_Master_Transmit) refers to stm32l4xx_hal_i2c.o(.text.I2C_WaitOnTXISFlagUntilTimeout) for I2C_WaitOnTXISFlagUntilTimeout
    stm32l4xx_hal_i2c.o(.text.HAL_I2C_Master_Transmit) refers to stm32l4xx_hal_i2c.o(.text.I2C_WaitOnSTOPFlagUntilTimeout) for I2C_WaitOnSTOPFlagUntilTimeout
    stm32l4xx_hal_i2c.o(.ARM.exidx.text.HAL_I2C_Master_Transmit) refers to stm32l4xx_hal_i2c.o(.text.HAL_I2C_Master_Transmit) for [Anonymous Symbol]
    stm32l4xx_hal_i2c.o(.text.I2C_WaitOnFlagUntilTimeout) refers to stm32l4xx_hal.o(.text.HAL_GetTick) for HAL_GetTick
    stm32l4xx_hal_i2c.o(.ARM.exidx.text.I2C_WaitOnFlagUntilTimeout) refers to stm32l4xx_hal_i2c.o(.text.I2C_WaitOnFlagUntilTimeout) for [Anonymous Symbol]
    stm32l4xx_hal_i2c.o(.ARM.exidx.text.I2C_TransferConfig) refers to stm32l4xx_hal_i2c.o(.text.I2C_TransferConfig) for [Anonymous Symbol]
    stm32l4xx_hal_i2c.o(.text.I2C_WaitOnTXISFlagUntilTimeout) refers to stm32l4xx_hal_i2c.o(.text.I2C_IsAcknowledgeFailed) for I2C_IsAcknowledgeFailed
    stm32l4xx_hal_i2c.o(.text.I2C_WaitOnTXISFlagUntilTimeout) refers to stm32l4xx_hal.o(.text.HAL_GetTick) for HAL_GetTick
    stm32l4xx_hal_i2c.o(.ARM.exidx.text.I2C_WaitOnTXISFlagUntilTimeout) refers to stm32l4xx_hal_i2c.o(.text.I2C_WaitOnTXISFlagUntilTimeout) for [Anonymous Symbol]
    stm32l4xx_hal_i2c.o(.text.I2C_WaitOnSTOPFlagUntilTimeout) refers to stm32l4xx_hal_i2c.o(.text.I2C_IsAcknowledgeFailed) for I2C_IsAcknowledgeFailed
    stm32l4xx_hal_i2c.o(.text.I2C_WaitOnSTOPFlagUntilTimeout) refers to stm32l4xx_hal.o(.text.HAL_GetTick) for HAL_GetTick
    stm32l4xx_hal_i2c.o(.ARM.exidx.text.I2C_WaitOnSTOPFlagUntilTimeout) refers to stm32l4xx_hal_i2c.o(.text.I2C_WaitOnSTOPFlagUntilTimeout) for [Anonymous Symbol]
    stm32l4xx_hal_i2c.o(.text.HAL_I2C_Master_Receive) refers to stm32l4xx_hal.o(.text.HAL_GetTick) for HAL_GetTick
    stm32l4xx_hal_i2c.o(.text.HAL_I2C_Master_Receive) refers to stm32l4xx_hal_i2c.o(.text.I2C_WaitOnFlagUntilTimeout) for I2C_WaitOnFlagUntilTimeout
    stm32l4xx_hal_i2c.o(.text.HAL_I2C_Master_Receive) refers to stm32l4xx_hal_i2c.o(.text.I2C_TransferConfig) for I2C_TransferConfig
    stm32l4xx_hal_i2c.o(.text.HAL_I2C_Master_Receive) refers to stm32l4xx_hal_i2c.o(.text.I2C_WaitOnRXNEFlagUntilTimeout) for I2C_WaitOnRXNEFlagUntilTimeout
[...]
    Removing stm32l4xx_hal_pwr.o(.ARM.exidx.text.HAL_PWR_ConfigPVD), (8 bytes).
    Removing stm32l4xx_hal_pwr.o(.text.HAL_PWR_EnablePVD), (16 bytes).
    Removing stm32l4xx_hal_pwr.o(.ARM.exidx.text.HAL_PWR_EnablePVD), (8 bytes).
    Removing stm32l4xx_hal_pwr.o(.text.HAL_PWR_DisablePVD), (16 bytes).
    Removing stm32l4xx_hal_pwr.o(.ARM.exidx.text.HAL_PWR_DisablePVD), (8 bytes).
    Removing stm32l4xx_hal_pwr.o(.text.HAL_PWR_EnableWakeUpPin), (28 bytes).
    Removing stm32l4xx_hal_pwr.o(.ARM.exidx.text.HAL_PWR_EnableWakeUpPin), (8 bytes).
    Removing stm32l4xx_hal_pwr.o(.text.HAL_PWR_DisableWakeUpPin), (24 bytes).
    Removing stm32l4xx_hal_pwr.o(.ARM.exidx.text.HAL_PWR_DisableWakeUpPin), (8 bytes).
    Removing stm32l4xx_hal_pwr.o(.text.HAL_PWR_EnterSLEEPMode), (72 bytes).
    Removing stm32l4xx_hal_pwr.o(.ARM.exidx.text.HAL_PWR_EnterSLEEPMode), (8 bytes).
    Removing stm32l4xx_hal_pwr.o(.text.HAL_PWR_EnterSTOPMode), (18 bytes).
    Removing stm32l4xx_hal_pwr.o(.ARM.exidx.text.HAL_PWR_EnterSTOPMode), (8 bytes).
    Removing stm32l4xx_hal_pwr.o(.text.HAL_PWR_EnterSTANDBYMode), (36 bytes).
    Removing stm32l4xx_hal_pwr.o(.ARM.exidx.text.HAL_PWR_EnterSTANDBYMode), (8 bytes).
    Removing stm32l4xx_hal_pwr.o(.text.HAL_PWR_EnableSleepOnExit), (16 bytes).
    Removing stm32l4xx_hal_pwr.o(.ARM.exidx.text.HAL_PWR_EnableSleepOnExit), (8 bytes).
    Removing stm32l4xx_hal_pwr.o(.text.HAL_PWR_DisableSleepOnExit), (16 bytes).
    Removing stm32l4xx_hal_pwr.o(.ARM.exidx.text.HAL_PWR_DisableSleepOnExit), (8 bytes).
    Removing stm32l4xx_hal_pwr.o(.text.HAL_PWR_EnableSEVOnPend), (16 bytes).
    Removing stm32l4xx_hal_pwr.o(.ARM.exidx.text.HAL_PWR_EnableSEVOnPend), (8 bytes).
    Removing stm32l4xx_hal_pwr.o(.text.HAL_PWR_DisableSEVOnPend), (16 bytes).
    Removing stm32l4xx_hal_pwr.o(.ARM.exidx.text.HAL_PWR_DisableSEVOnPend), (8 bytes).
    Removing stm32l4xx_hal_pwr.o(.text.HAL_PWR_PVDCallback), (2 bytes).
    Removing stm32l4xx_hal_pwr.o(.ARM.exidx.text.HAL_PWR_PVDCallback), (8 bytes).
    Removing stm32l4xx_hal_pwr_ex.o(.text), (0 bytes).
    Removing stm32l4xx_hal_pwr_ex.o(.ARM.exidx.text.HAL_PWREx_GetVoltageRange), (8 bytes).
    Removing stm32l4xx_hal_pwr_ex.o(.ARM.exidx.text.HAL_PWREx_ControlVoltageScaling), (8 bytes).
    Removing stm32l4xx_hal_pwr_ex.o(.text.HAL_PWREx_EnableBatteryCharging), (28 bytes).
    Removing stm32l4xx_hal_pwr_ex.o(.ARM.exidx.text.HAL_PWREx_EnableBatteryCharging), (8 bytes).
    Removing stm32l4xx_hal_pwr_ex.o(.text.HAL_PWREx_DisableBatteryCharging), (16 bytes).
    Removing stm32l4xx_hal_pwr_ex.o(.ARM.exidx.text.HAL_PWREx_DisableBatteryCharging), (8 bytes).
    Removing stm32l4xx_hal_pwr_ex.o(.text.HAL_PWREx_EnableVddUSB), (16 bytes).
    Removing stm32l4xx_hal_pwr_ex.o(.ARM.exidx.text.HAL_PWREx_EnableVddUSB), (8 bytes).
    Removing stm32l4xx_hal_pwr_ex.o(.text.HAL_PWREx_DisableVddUSB), (16 bytes).
    Removing stm32l4xx_hal_pwr_ex.o(.ARM.exidx.text.HAL_PWREx_DisableVddUSB), (8 bytes).
    Removing stm32l4xx_hal_pwr_ex.o(.text.HAL_PWREx_EnableVddIO2), (16 bytes).
    Removing stm32l4xx_hal_pwr_ex.o(.ARM.exidx.text.HAL_PWREx_EnableVddIO2), (8 bytes).
    Removing stm32l4xx_hal_pwr_ex.o(.text.HAL_PWREx_DisableVddIO2), (16 bytes).
    Removing stm32l4xx_hal_pwr_ex.o(.ARM.exidx.text.HAL_PWREx_DisableVddIO2), (8 bytes).
    Removing stm32l4xx_hal_pwr_ex.o(.text.HAL_PWREx_EnableInternalWakeUpLine), (16 bytes).
    Removing stm32l4xx_hal_pwr_ex.o(.ARM.exidx.text.HAL_PWREx_EnableInternalWakeUpLine), (8 bytes).
    Removing stm32l4xx_hal_pwr_ex.o(.text.HAL_PWREx_DisableInternalWakeUpLine), (16 bytes).
    Removing stm32l4xx_hal_pwr_ex.o(.ARM.exidx.text.HAL_PWREx_DisableInternalWakeUpLine), (8 bytes).
    Removing stm32l4xx_hal_pwr_ex.o(.text.HAL_PWREx_EnableGPIOPullUp), (144 bytes).
    Removing stm32l4xx_hal_pwr_ex.o(.ARM.exidx.text.HAL_PWREx_EnableGPIOPullUp), (8 bytes).
    Removing stm32l4xx_hal_pwr_ex.o(.text.HAL_PWREx_DisableGPIOPullUp), (136 bytes).
    Removing stm32l4xx_hal_pwr_ex.o(.ARM.exidx.text.HAL_PWREx_DisableGPIOPullUp), (8 bytes).
    Removing stm32l4xx_hal_pwr_ex.o(.text.HAL_PWREx_EnableGPIOPullDown), (188 bytes).
    Removing stm32l4xx_hal_pwr_ex.o(.ARM.exidx.text.HAL_PWREx_EnableGPIOPullDown), (8 bytes).
    Removing stm32l4xx_hal_pwr_ex.o(.text.HAL_PWREx_DisableGPIOPullDown), (92 bytes).
    Removing stm32l4xx_hal_pwr_ex.o(.ARM.exidx.text.HAL_PWREx_DisableGPIOPullDown), (8 bytes).
    Removing stm32l4xx_hal_pwr_ex.o(.text.HAL_PWREx_EnablePullUpPullDownConfig), (16 bytes).
    Removing stm32l4xx_hal_pwr_ex.o(.ARM.exidx.text.HAL_PWREx_EnablePullUpPullDownConfig), (8 bytes).
    Removing stm32l4xx_hal_pwr_ex.o(.text.HAL_PWREx_DisablePullUpPullDownConfig), (16 bytes).
    Removing stm32l4xx_hal_pwr_ex.o(.ARM.exidx.text.HAL_PWREx_DisablePullUpPullDownConfig), (8 bytes).
    Removing stm32l4xx_hal_pwr_ex.o(.text.HAL_PWREx_EnableSRAM2ContentRetention), (16 bytes).
    Removing stm32l4xx_hal_pwr_ex.o(.ARM.exidx.text.HAL_PWREx_EnableSRAM2ContentRetention), (8 bytes).
    Removing stm32l4xx_hal_pwr_ex.o(.text.HAL_PWREx_SetSRAM2ContentRetention), (40 bytes).
    Removing stm32l4xx_hal_pwr_ex.o(.ARM.exidx.text.HAL_PWREx_SetSRAM2ContentRetention), (8 bytes).
    Removing stm32l4xx_hal_pwr_ex.o(.text.HAL_PWREx_DisableSRAM2ContentRetention), (16 bytes).
    Removing stm32l4xx_hal_pwr_ex.o(.ARM.exidx.text.HAL_PWREx_DisableSRAM2ContentRetention), (8 bytes).
    Removing stm32l4xx_hal_pwr_ex.o(.text.HAL_PWREx_EnablePVM1), (16 bytes).
    Removing stm32l4xx_hal_pwr_ex.o(.ARM.exidx.text.HAL_PWREx_EnablePVM1), (8 bytes).
    Removing stm32l4xx_hal_pwr_ex.o(.text.HAL_PWREx_DisablePVM1), (16 bytes).
    Removing stm32l4xx_hal_pwr_ex.o(.ARM.exidx.text.HAL_PWREx_DisablePVM1), (8 bytes).
    Removing stm32l4xx_hal_pwr_ex.o(.text.HAL_PWREx_EnablePVM2), (16 bytes).
    Removing stm32l4xx_hal_pwr_ex.o(.ARM.exidx.text.HAL_PWREx_EnablePVM2), (8 bytes).
    Removing stm32l4xx_hal_pwr_ex.o(.text.HAL_PWREx_DisablePVM2), (16 bytes).
    Removing stm32l4xx_hal_pwr_ex.o(.ARM.exidx.text.HAL_PWREx_DisablePVM2), (8 bytes).
    Removing stm32l4xx_hal_pwr_ex.o(.text.HAL_PWREx_EnablePVM3), (16 bytes).
    Removing stm32l4xx_hal_pwr_ex.o(.ARM.exidx.text.HAL_PWREx_EnablePVM3), (8 bytes).
    Removing stm32l4xx_hal_pwr_ex.o(.text.HAL_PWREx_DisablePVM3), (16 bytes).
    Removing stm32l4xx_hal_pwr_ex.o(.ARM.exidx.text.HAL_PWREx_DisablePVM3), (8 bytes).
    Removing stm32l4xx_hal_pwr_ex.o(.text.HAL_PWREx_EnablePVM4), (16 bytes).
    Removing stm32l4xx_hal_pwr_ex.o(.ARM.exidx.text.HAL_PWREx_EnablePVM4), (8 bytes).
    Removing stm32l4xx_hal_pwr_ex.o(.text.HAL_PWREx_DisablePVM4), (16 bytes).
    Removing stm32l4xx_hal_pwr_ex.o(.ARM.exidx.text.HAL_PWREx_DisablePVM4), (8 bytes).
    Removing stm32l4xx_hal_pwr_ex.o(.text.HAL_PWREx_ConfigPVM), (376 bytes).
    Removing stm32l4xx_hal_pwr_ex.o(.ARM.exidx.text.HAL_PWREx_ConfigPVM), (8 bytes).
    Removing stm32l4xx_hal_pwr_ex.o(.text.HAL_PWREx_EnableLowPowerRunMode), (16 bytes).
    Removing stm32l4xx_hal_pwr_ex.o(.ARM.exidx.text.HAL_PWREx_EnableLowPowerRunMode), (8 bytes).
    Removing stm32l4xx_hal_pwr_ex.o(.text.HAL_PWREx_DisableLowPowerRunMode), (64 bytes).
    Removing stm32l4xx_hal_pwr_ex.o(.ARM.exidx.text.HAL_PWREx_DisableLowPowerRunMode), (8 bytes).
    Removing stm32l4xx_hal_pwr_ex.o(.text.HAL_PWREx_EnterSTOP0Mode), (52 bytes).
    Removing stm32l4xx_hal_pwr_ex.o(.ARM.exidx.text.HAL_PWREx_EnterSTOP0Mode), (8 bytes).
    Removing stm32l4xx_hal_pwr_ex.o(.text.HAL_PWREx_EnterSTOP1Mode), (52 bytes).
    Removing stm32l4xx_hal_pwr_ex.o(.ARM.exidx.text.HAL_PWREx_EnterSTOP1Mode), (8 bytes).
    Removing stm32l4xx_hal_pwr_ex.o(.text.HAL_PWREx_EnterSTOP2Mode), (52 bytes).
    Removing stm32l4xx_hal_pwr_ex.o(.ARM.exidx.text.HAL_PWREx_EnterSTOP2Mode), (8 bytes).
    Removing stm32l4xx_hal_pwr_ex.o(.text.HAL_PWREx_EnterSHUTDOWNMode), (36 bytes).
    Removing stm32l4xx_hal_pwr_ex.o(.ARM.exidx.text.HAL_PWREx_EnterSHUTDOWNMode), (8 bytes).
    Removing stm32l4xx_hal_pwr_ex.o(.text.HAL_PWREx_PVD_PVM_IRQHandler), (88 bytes).
    Removing stm32l4xx_hal_pwr_ex.o(.ARM.exidx.text.HAL_PWREx_PVD_PVM_IRQHandler), (8 bytes).
    Removing stm32l4xx_hal_pwr_ex.o(.text.HAL_PWREx_PVM1Callback), (2 bytes).
    Removing stm32l4xx_hal_pwr_ex.o(.ARM.exidx.text.HAL_PWREx_PVM1Callback), (8 bytes).
    Removing stm32l4xx_hal_pwr_ex.o(.text.HAL_PWREx_PVM2Callback), (2 bytes).
    Removing stm32l4xx_hal_pwr_ex.o(.ARM.exidx.text.HAL_PWREx_PVM2Callback), (8 bytes).
    Removing stm32l4xx_hal_pwr_ex.o(.text.HAL_PWREx_PVM3Callback), (2 bytes).
    Removing stm32l4xx_hal_pwr_ex.o(.ARM.exidx.text.HAL_PWREx_PVM3Callback), (8 bytes).
    Removing stm32l4xx_hal_pwr_ex.o(.text.HAL_PWREx_PVM4Callback), (2 bytes).
    Removing stm32l4xx_hal_pwr_ex.o(.ARM.exidx.text.HAL_PWREx_PVM4Callback), (8 bytes).
    Removing stm32l4xx_hal_cortex.o(.text), (0 bytes).
    Removing stm32l4xx_hal_cortex.o(.ARM.exidx.text.HAL_NVIC_SetPriorityGrouping), (8 bytes).
    Removing stm32l4xx_hal_cortex.o(.ARM.exidx.text.HAL_NVIC_SetPriority), (8 bytes).
    Removing stm32l4xx_hal_cortex.o(.ARM.exidx.text.__NVIC_SetPriority), (8 bytes).
    Removing stm32l4xx_hal_cortex.o(.text.HAL_NVIC_EnableIRQ), (28 bytes).
    Removing stm32l4xx_hal_cortex.o(.ARM.exidx.text.HAL_NVIC_EnableIRQ), (8 bytes).
    Removing stm32l4xx_hal_cortex.o(.text.HAL_NVIC_DisableIRQ), (36 bytes).
    Removing stm32l4xx_hal_cortex.o(.ARM.exidx.text.HAL_NVIC_DisableIRQ), (8 bytes).
    Removing stm32l4xx_hal_cortex.o(.text.HAL_NVIC_SystemReset), (4 bytes).
    Removing stm32l4xx_hal_cortex.o(.ARM.exidx.text.HAL_NVIC_SystemReset), (8 bytes).
    Removing stm32l4xx_hal_cortex.o(.text.__NVIC_SystemReset), (36 bytes).
    Removing stm32l4xx_hal_cortex.o(.ARM.exidx.text.__NVIC_SystemReset), (8 bytes).
    Removing stm32l4xx_hal_cortex.o(.ARM.exidx.text.HAL_SYSTICK_Config), (8 bytes).
    Removing stm32l4xx_hal_cortex.o(.text.HAL_NVIC_GetPriorityGrouping), (16 bytes).
    Removing stm32l4xx_hal_cortex.o(.ARM.exidx.text.HAL_NVIC_GetPriorityGrouping), (8 bytes).
    Removing stm32l4xx_hal_cortex.o(.text.HAL_NVIC_GetPriority), (84 bytes).
    Removing stm32l4xx_hal_cortex.o(.ARM.exidx.text.HAL_NVIC_GetPriority), (8 bytes).
    Removing stm32l4xx_hal_cortex.o(.text.HAL_NVIC_SetPendingIRQ), (28 bytes).
    Removing stm32l4xx_hal_cortex.o(.ARM.exidx.text.HAL_NVIC_SetPendingIRQ), (8 bytes).
    Removing stm32l4xx_hal_cortex.o(.text.HAL_NVIC_GetPendingIRQ), (40 bytes).
    Removing stm32l4xx_hal_cortex.o(.ARM.exidx.text.HAL_NVIC_GetPendingIRQ), (8 bytes).
    Removing stm32l4xx_hal_cortex.o(.text.HAL_NVIC_ClearPendingIRQ), (28 bytes).
    Removing stm32l4xx_hal_cortex.o(.ARM.exidx.text.HAL_NVIC_ClearPendingIRQ), (8 bytes).
    Removing stm32l4xx_hal_cortex.o(.text.HAL_NVIC_GetActive), (40 bytes).
    Removing stm32l4xx_hal_cortex.o(.ARM.exidx.text.HAL_NVIC_GetActive), (8 bytes).
    Removing stm32l4xx_hal_cortex.o(.text.HAL_SYSTICK_CLKSourceConfig), (24 bytes).
    Removing stm32l4xx_hal_cortex.o(.ARM.exidx.text.HAL_SYSTICK_CLKSourceConfig), (8 bytes).
    Removing stm32l4xx_hal_cortex.o(.text.HAL_SYSTICK_IRQHandler), (4 bytes).
    Removing stm32l4xx_hal_cortex.o(.ARM.exidx.text.HAL_SYSTICK_IRQHandler), (8 bytes).
    Removing stm32l4xx_hal_cortex.o(.text.HAL_SYSTICK_Callback), (2 bytes).
    Removing stm32l4xx_hal_cortex.o(.ARM.exidx.text.HAL_SYSTICK_Callback), (8 bytes).
    Removing stm32l4xx_hal_cortex.o(.text.HAL_MPU_Enable), (24 bytes).
    Removing stm32l4xx_hal_cortex.o(.ARM.exidx.text.HAL_MPU_Enable), (8 bytes).
    Removing stm32l4xx_hal_cortex.o(.text.HAL_MPU_Disable), (16 bytes).
    Removing stm32l4xx_hal_cortex.o(.ARM.exidx.text.HAL_MPU_Disable), (8 bytes).
    Removing stm32l4xx_hal_cortex.o(.text.HAL_MPU_ConfigRegion), (80 bytes).
    Removing stm32l4xx_hal_cortex.o(.ARM.exidx.text.HAL_MPU_ConfigRegion), (8 bytes).
    Removing stm32l4xx_hal_exti.o(.text), (0 bytes).
    Removing stm32l4xx_hal_exti.o(.text.HAL_EXTI_SetConfigLine), (216 bytes).
    Removing stm32l4xx_hal_exti.o(.ARM.exidx.text.HAL_EXTI_SetConfigLine), (8 bytes).
    Removing stm32l4xx_hal_exti.o(.text.HAL_EXTI_GetConfigLine), (160 bytes).
    Removing stm32l4xx_hal_exti.o(.ARM.exidx.text.HAL_EXTI_GetConfigLine), (8 bytes).
    Removing stm32l4xx_hal_exti.o(.text.HAL_EXTI_ClearConfigLine), (132 bytes).
    Removing stm32l4xx_hal_exti.o(.ARM.exidx.text.HAL_EXTI_ClearConfigLine), (8 bytes).
    Removing stm32l4xx_hal_exti.o(.text.HAL_EXTI_RegisterCallback), (12 bytes).
    Removing stm32l4xx_hal_exti.o(.ARM.exidx.text.HAL_EXTI_RegisterCallback), (8 bytes).
    Removing stm32l4xx_hal_exti.o(.text.HAL_EXTI_GetHandle), (12 bytes).
    Removing stm32l4xx_hal_exti.o(.ARM.exidx.text.HAL_EXTI_GetHandle), (8 bytes).
    Removing stm32l4xx_hal_exti.o(.text.HAL_EXTI_IRQHandler), (52 bytes).
    Removing stm32l4xx_hal_exti.o(.ARM.exidx.text.HAL_EXTI_IRQHandler), (8 bytes).
    Removing stm32l4xx_hal_exti.o(.text.HAL_EXTI_GetPending), (32 bytes).
    Removing stm32l4xx_hal_exti.o(.ARM.exidx.text.HAL_EXTI_GetPending), (8 bytes).
    Removing stm32l4xx_hal_exti.o(.text.HAL_EXTI_ClearPending), (28 bytes).
    Removing stm32l4xx_hal_exti.o(.ARM.exidx.text.HAL_EXTI_ClearPending), (8 bytes).
    Removing stm32l4xx_hal_exti.o(.text.HAL_EXTI_GenerateSWI), (28 bytes).
    Removing stm32l4xx_hal_exti.o(.ARM.exidx.text.HAL_EXTI_GenerateSWI), (8 bytes).
    Removing stm32l4xx_hal_tim.o(.text), (0 bytes).
    Removing stm32l4xx_hal_tim_ex.o(.text), (0 bytes).
    Removing stm32l4xx_hal_uart.o(.text), (0 bytes).
    Removing stm32l4xx_hal_uart.o(.ARM.exidx.text.HAL_UART_Init), (8 bytes).
    Removing stm32l4xx_hal_uart.o(.text.HAL_UART_MspInit), (2 bytes).
    Removing stm32l4xx_hal_uart.o(.ARM.exidx.text.HAL_UART_MspInit), (8 bytes).
    Removing stm32l4xx_hal_uart.o(.ARM.exidx.text.UART_SetConfig), (8 bytes).
    Removing stm32l4xx_hal_uart.o(.ARM.exidx.text.UART_AdvFeatureConfig), (8 bytes).
    Removing stm32l4xx_hal_uart.o(.ARM.exidx.text.UART_CheckIdleState), (8 bytes).
    Removing stm32l4xx_hal_uart.o(.text.HAL_HalfDuplex_Init), (104 bytes).
    Removing stm32l4xx_hal_uart.o(.ARM.exidx.text.HAL_HalfDuplex_Init), (8 bytes).
    Removing stm32l4xx_hal_uart.o(.text.HAL_LIN_Init), (128 bytes).
    Removing stm32l4xx_hal_uart.o(.ARM.exidx.text.HAL_LIN_Init), (8 bytes).
    Removing stm32l4xx_hal_uart.o(.text.HAL_MultiProcessor_Init), (128 bytes).
    Removing stm32l4xx_hal_uart.o(.ARM.exidx.text.HAL_MultiProcessor_Init), (8 bytes).
    Removing stm32l4xx_hal_uart.o(.text.HAL_UART_DeInit), (52 bytes).
    Removing stm32l4xx_hal_uart.o(.ARM.exidx.text.HAL_UART_DeInit), (8 bytes).
    Removing stm32l4xx_hal_uart.o(.text.HAL_UART_MspDeInit), (2 bytes).
    Removing stm32l4xx_hal_uart.o(.ARM.exidx.text.HAL_UART_MspDeInit), (8 bytes).
    Removing stm32l4xx_hal_uart.o(.text.HAL_UART_Transmit), (194 bytes).
    Removing stm32l4xx_hal_uart.o(.ARM.exidx.text.HAL_UART_Transmit), (8 bytes).
    Removing stm32l4xx_hal_uart.o(.ARM.exidx.text.UART_WaitOnFlagUntilTimeout), (8 bytes).
    Removing stm32l4xx_hal_uart.o(.text.HAL_UART_Receive), (220 bytes).
    Removing stm32l4xx_hal_uart.o(.ARM.exidx.text.HAL_UART_Receive), (8 bytes).
    Removing stm32l4xx_hal_uart.o(.text.HAL_UART_Transmit_IT), (100 bytes).
    Removing stm32l4xx_hal_uart.o(.ARM.exidx.text.HAL_UART_Transmit_IT), (8 bytes).
    Removing stm32l4xx_hal_uart.o(.text.UART_TxISR_16BIT), (62 bytes).
    Removing stm32l4xx_hal_uart.o(.ARM.exidx.text.UART_TxISR_16BIT), (8 bytes).
    Removing stm32l4xx_hal_uart.o(.text.UART_TxISR_8BIT), (58 bytes).
    Removing stm32l4xx_hal_uart.o(.ARM.exidx.text.UART_TxISR_8BIT), (8 bytes).
    Removing stm32l4xx_hal_uart.o(.text.HAL_UART_Receive_IT), (160 bytes).
    Removing stm32l4xx_hal_uart.o(.ARM.exidx.text.HAL_UART_Receive_IT), (8 bytes).
    Removing stm32l4xx_hal_uart.o(.text.UART_RxISR_16BIT), (82 bytes).
    Removing stm32l4xx_hal_uart.o(.ARM.exidx.text.UART_RxISR_16BIT), (8 bytes).
    Removing stm32l4xx_hal_uart.o(.text.UART_RxISR_8BIT), (86 bytes).
    Removing stm32l4xx_hal_uart.o(.ARM.exidx.text.UART_RxISR_8BIT), (8 bytes).
    Removing stm32l4xx_hal_uart.o(.text.HAL_UART_Transmit_DMA), (136 bytes).
    Removing stm32l4xx_hal_uart.o(.ARM.exidx.text.HAL_UART_Transmit_DMA), (8 bytes).
    Removing stm32l4xx_hal_uart.o(.text.UART_DMATransmitCplt), (40 bytes).
    Removing stm32l4xx_hal_uart.o(.ARM.exidx.text.UART_DMATransmitCplt), (8 bytes).
    Removing stm32l4xx_hal_uart.o(.text.UART_DMATxHalfCplt), (6 bytes).
    Removing stm32l4xx_hal_uart.o(.ARM.exidx.text.UART_DMATxHalfCplt), (8 bytes).
    Removing stm32l4xx_hal_uart.o(.text.UART_DMAError), (82 bytes).
    Removing stm32l4xx_hal_uart.o(.ARM.exidx.text.UART_DMAError), (8 bytes).
    Removing stm32l4xx_hal_uart.o(.text.HAL_UART_Receive_DMA), (148 bytes).
    Removing stm32l4xx_hal_uart.o(.ARM.exidx.text.HAL_UART_Receive_DMA), (8 bytes).
    Removing stm32l4xx_hal_uart.o(.text.UART_DMAReceiveCplt), (54 bytes).
    Removing stm32l4xx_hal_uart.o(.ARM.exidx.text.UART_DMAReceiveCplt), (8 bytes).
    Removing stm32l4xx_hal_uart.o(.text.UART_DMARxHalfCplt), (6 bytes).
    Removing stm32l4xx_hal_uart.o(.ARM.exidx.text.UART_DMARxHalfCplt), (8 bytes).
    Removing stm32l4xx_hal_uart.o(.text.HAL_UART_DMAPause), (92 bytes).
    Removing stm32l4xx_hal_uart.o(.ARM.exidx.text.HAL_UART_DMAPause), (8 bytes).
    Removing stm32l4xx_hal_uart.o(.text.HAL_UART_DMAResume), (80 bytes).
    Removing stm32l4xx_hal_uart.o(.ARM.exidx.text.HAL_UART_DMAResume), (8 bytes).
    Removing stm32l4xx_hal_uart.o(.text.HAL_UART_DMAStop), (126 bytes).
    Removing stm32l4xx_hal_uart.o(.ARM.exidx.text.HAL_UART_DMAStop), (8 bytes).
    Removing stm32l4xx_hal_uart.o(.text.UART_EndRxTransfer), (28 bytes).
    Removing stm32l4xx_hal_uart.o(.ARM.exidx.text.UART_EndRxTransfer), (8 bytes).
    Removing stm32l4xx_hal_uart.o(.text.HAL_UART_Abort), (142 bytes).
    Removing stm32l4xx_hal_uart.o(.ARM.exidx.text.HAL_UART_Abort), (8 bytes).
    Removing stm32l4xx_hal_uart.o(.text.HAL_UART_AbortTransmit), (72 bytes).
    Removing stm32l4xx_hal_uart.o(.ARM.exidx.text.HAL_UART_AbortTransmit), (8 bytes).
    Removing stm32l4xx_hal_uart.o(.text.HAL_UART_AbortReceive), (94 bytes).
    Removing stm32l4xx_hal_uart.o(.ARM.exidx.text.HAL_UART_AbortReceive), (8 bytes).
    Removing stm32l4xx_hal_uart.o(.text.HAL_UART_Abort_IT), (180 bytes).
    Removing stm32l4xx_hal_uart.o(.ARM.exidx.text.HAL_UART_Abort_IT), (8 bytes).
    Removing stm32l4xx_hal_uart.o(.text.UART_DMATxAbortCallback), (44 bytes).
    Removing stm32l4xx_hal_uart.o(.ARM.exidx.text.UART_DMATxAbortCallback), (8 bytes).
    Removing stm32l4xx_hal_uart.o(.text.UART_DMARxAbortCallback), (52 bytes).
    Removing stm32l4xx_hal_uart.o(.ARM.exidx.text.UART_DMARxAbortCallback), (8 bytes).
    Removing stm32l4xx_hal_uart.o(.text.HAL_UART_AbortCpltCallback), (2 bytes).
    Removing stm32l4xx_hal_uart.o(.ARM.exidx.text.HAL_UART_AbortCpltCallback), (8 bytes).
    Removing stm32l4xx_hal_uart.o(.text.HAL_UART_AbortTransmit_IT), (76 bytes).
    Removing stm32l4xx_hal_uart.o(.ARM.exidx.text.HAL_UART_AbortTransmit_IT), (8 bytes).
    Removing stm32l4xx_hal_uart.o(.text.UART_DMATxOnlyAbortCallback), (16 bytes).
    Removing stm32l4xx_hal_uart.o(.ARM.exidx.text.UART_DMATxOnlyAbortCallback), (8 bytes).
    Removing stm32l4xx_hal_uart.o(.text.HAL_UART_AbortTransmitCpltCallback), (2 bytes).
    Removing stm32l4xx_hal_uart.o(.ARM.exidx.text.HAL_UART_AbortTransmitCpltCallback), (8 bytes).
    Removing stm32l4xx_hal_uart.o(.text.HAL_UART_AbortReceive_IT), (112 bytes).
    Removing stm32l4xx_hal_uart.o(.ARM.exidx.text.HAL_UART_AbortReceive_IT), (8 bytes).
    Removing stm32l4xx_hal_uart.o(.text.UART_DMARxOnlyAbortCallback), (30 bytes).
    Removing stm32l4xx_hal_uart.o(.ARM.exidx.text.UART_DMARxOnlyAbortCallback), (8 bytes).
    Removing stm32l4xx_hal_uart.o(.text.HAL_UART_AbortReceiveCpltCallback), (2 bytes).
    Removing stm32l4xx_hal_uart.o(.ARM.exidx.text.HAL_UART_AbortReceiveCpltCallback), (8 bytes).
    Removing stm32l4xx_hal_uart.o(.text.HAL_UART_IRQHandler), (352 bytes).
    Removing stm32l4xx_hal_uart.o(.ARM.exidx.text.HAL_UART_IRQHandler), (8 bytes).
    Removing stm32l4xx_hal_uart.o(.text.UART_DMAAbortOnError), (16 bytes).
    Removing stm32l4xx_hal_uart.o(.ARM.exidx.text.UART_DMAAbortOnError), (8 bytes).
    Removing stm32l4xx_hal_uart.o(.text.HAL_UART_ErrorCallback), (2 bytes).
    Removing stm32l4xx_hal_uart.o(.ARM.exidx.text.HAL_UART_ErrorCallback), (8 bytes).
    Removing stm32l4xx_hal_uart.o(.text.HAL_UART_TxCpltCallback), (2 bytes).
    Removing stm32l4xx_hal_uart.o(.ARM.exidx.text.HAL_UART_TxCpltCallback), (8 bytes).
    Removing stm32l4xx_hal_uart.o(.text.HAL_UART_TxHalfCpltCallback), (2 bytes).
    Removing stm32l4xx_hal_uart.o(.ARM.exidx.text.HAL_UART_TxHalfCpltCallback), (8 bytes).
    Removing stm32l4xx_hal_uart.o(.text.HAL_UART_RxCpltCallback), (2 bytes).
    Removing stm32l4xx_hal_uart.o(.ARM.exidx.text.HAL_UART_RxCpltCallback), (8 bytes).
    Removing stm32l4xx_hal_uart.o(.text.HAL_UART_RxHalfCpltCallback), (2 bytes).
    Removing stm32l4xx_hal_uart.o(.ARM.exidx.text.HAL_UART_RxHalfCpltCallback), (8 bytes).
    Removing stm32l4xx_hal_uart.o(.text.HAL_UART_ReceiverTimeout_Config), (28 bytes).
    Removing stm32l4xx_hal_uart.o(.ARM.exidx.text.HAL_UART_ReceiverTimeout_Config), (8 bytes).
    Removing stm32l4xx_hal_uart.o(.text.HAL_UART_EnableReceiverTimeout), (60 bytes).
    Removing stm32l4xx_hal_uart.o(.ARM.exidx.text.HAL_UART_EnableReceiverTimeout), (8 bytes).
    Removing stm32l4xx_hal_uart.o(.text.HAL_UART_DisableReceiverTimeout), (60 bytes).
    Removing stm32l4xx_hal_uart.o(.ARM.exidx.text.HAL_UART_DisableReceiverTimeout), (8 bytes).
    Removing stm32l4xx_hal_uart.o(.text.HAL_MultiProcessor_EnableMuteMode), (40 bytes).
    Removing stm32l4xx_hal_uart.o(.ARM.exidx.text.HAL_MultiProcessor_EnableMuteMode), (8 bytes).
    Removing stm32l4xx_hal_uart.o(.text.HAL_MultiProcessor_DisableMuteMode), (40 bytes).
    Removing stm32l4xx_hal_uart.o(.ARM.exidx.text.HAL_MultiProcessor_DisableMuteMode), (8 bytes).
    Removing stm32l4xx_hal_uart.o(.text.HAL_MultiProcessor_EnterMuteMode), (12 bytes).
    Removing stm32l4xx_hal_uart.o(.ARM.exidx.text.HAL_MultiProcessor_EnterMuteMode), (8 bytes).
    Removing stm32l4xx_hal_uart.o(.text.HAL_HalfDuplex_EnableTransmitter), (48 bytes).
    Removing stm32l4xx_hal_uart.o(.ARM.exidx.text.HAL_HalfDuplex_EnableTransmitter), (8 bytes).
    Removing stm32l4xx_hal_uart.o(.text.HAL_HalfDuplex_EnableReceiver), (48 bytes).
    Removing stm32l4xx_hal_uart.o(.ARM.exidx.text.HAL_HalfDuplex_EnableReceiver), (8 bytes).
    Removing stm32l4xx_hal_uart.o(.text.HAL_LIN_SendBreak), (40 bytes).
    Removing stm32l4xx_hal_uart.o(.ARM.exidx.text.HAL_LIN_SendBreak), (8 bytes).
    Removing stm32l4xx_hal_uart.o(.text.HAL_UART_GetState), (8 bytes).
    Removing stm32l4xx_hal_uart.o(.ARM.exidx.text.HAL_UART_GetState), (8 bytes).
    Removing stm32l4xx_hal_uart.o(.text.HAL_UART_GetError), (4 bytes).
    Removing stm32l4xx_hal_uart.o(.ARM.exidx.text.HAL_UART_GetError), (8 bytes).
    Removing stm32l4xx_hal_uart_ex.o(.text), (0 bytes).
    Removing stm32l4xx_hal_uart_ex.o(.text.HAL_RS485Ex_Init), (122 bytes).
    Removing stm32l4xx_hal_uart_ex.o(.ARM.exidx.text.HAL_RS485Ex_Init), (8 bytes).
    Removing stm32l4xx_hal_uart_ex.o(.text.HAL_UARTEx_WakeupCallback), (2 bytes).
    Removing stm32l4xx_hal_uart_ex.o(.ARM.exidx.text.HAL_UARTEx_WakeupCallback), (8 bytes).
    Removing stm32l4xx_hal_uart_ex.o(.text.HAL_UARTEx_EnableClockStopMode), (32 bytes).
    Removing stm32l4xx_hal_uart_ex.o(.ARM.exidx.text.HAL_UARTEx_EnableClockStopMode), (8 bytes).
    Removing stm32l4xx_hal_uart_ex.o(.text.HAL_UARTEx_DisableClockStopMode), (32 bytes).
    Removing stm32l4xx_hal_uart_ex.o(.ARM.exidx.text.HAL_UARTEx_DisableClockStopMode), (8 bytes).
    Removing stm32l4xx_hal_uart_ex.o(.text.HAL_MultiProcessorEx_AddressLength_Set), (42 bytes).
    Removing stm32l4xx_hal_uart_ex.o(.ARM.exidx.text.HAL_MultiProcessorEx_AddressLength_Set), (8 bytes).
    Removing stm32l4xx_hal_uart_ex.o(.text.HAL_UARTEx_StopModeWakeUpSourceConfig), (132 bytes).
    Removing stm32l4xx_hal_uart_ex.o(.ARM.exidx.text.HAL_UARTEx_StopModeWakeUpSourceConfig), (8 bytes).
    Removing stm32l4xx_hal_uart_ex.o(.text.HAL_UARTEx_EnableStopMode), (32 bytes).
    Removing stm32l4xx_hal_uart_ex.o(.ARM.exidx.text.HAL_UARTEx_EnableStopMode), (8 bytes).
    Removing stm32l4xx_hal_uart_ex.o(.text.HAL_UARTEx_DisableStopMode), (32 bytes).
    Removing stm32l4xx_hal_uart_ex.o(.ARM.exidx.text.HAL_UARTEx_DisableStopMode), (8 bytes).
    Removing system_stm32l4xx.o(.text), (0 bytes).
    Removing system_stm32l4xx.o(.ARM.exidx.text.SystemInit), (8 bytes).
    Removing system_stm32l4xx.o(.text.SystemCoreClockUpdate), (160 bytes).
    Removing system_stm32l4xx.o(.ARM.exidx.text.SystemCoreClockUpdate), (8 bytes).
    Removing oled.o(.text), (0 bytes).
    Removing oled.o(.ARM.exidx.text.OLED_Set_Pos), (8 bytes).
    Removing oled.o(.ARM.exidx.text.OLED_Write_Cmd), (8 bytes).
    Removing oled.o(.text.OLED_Display_On), (28 bytes).
    Removing oled.o(.ARM.exidx.text.OLED_Display_On), (8 bytes).
    Removing oled.o(.text.OLED_Display_Off), (28 bytes).
    Removing oled.o(.ARM.exidx.text.OLED_Display_Off), (8 bytes).
    Removing oled.o(.ARM.exidx.text.OLED_Clear), (8 bytes).
    Removing oled.o(.ARM.exidx.text.OLED_Write_Dat), (8 bytes).
    Removing oled.o(.text.OLED_On), (56 bytes).
    Removing oled.o(.ARM.exidx.text.OLED_On), (8 bytes).
    Removing oled.o(.ARM.exidx.text.OLED_ShowChar), (8 bytes).
    Removing oled.o(.text.OLED_ShowNum), (152 bytes).
    Removing oled.o(.ARM.exidx.text.OLED_ShowNum), (8 bytes).
    Removing oled.o(.ARM.exidx.text.OLED_ShowString), (8 bytes).
    Removing oled.o(.ARM.exidx.text.OLED_ShowCHinese), (8 bytes).
    Removing oled.o(.ARM.exidx.text.OLED_DrawBMP), (8 bytes).
    Removing oled.o(.ARM.exidx.text.OLED_Init), (8 bytes).
    Removing main.o(.text), (0 bytes).
    Removing main.o(.ARM.exidx.text.main), (8 bytes).
    Removing main.o(.ARM.exidx.text.SystemClock_Config), (8 bytes).
    Removing main.o(.ARM.exidx.text.Error_Handler), (8 bytes).
    Removing main.o(.ARM.use_no_argv), (4 bytes).
    Removing gpio.o(.text), (0 bytes).
    Removing gpio.o(.ARM.exidx.text.MX_GPIO_Init), (8 bytes).
    Removing i2c.o(.text), (0 bytes).
    Removing i2c.o(.ARM.exidx.text.MX_I2C1_Init), (8 bytes).
    Removing i2c.o(.ARM.exidx.text.HAL_I2C_MspInit), (8 bytes).
    Removing i2c.o(.text.HAL_I2C_MspDeInit), (44 bytes).
    Removing i2c.o(.ARM.exidx.text.HAL_I2C_MspDeInit), (8 bytes).
    Removing usart.o(.text), (0 bytes).
    Removing usart.o(.ARM.exidx.text.fputc), (8 bytes).
    Removing usart.o(.ARM.exidx.text.MX_USART2_UART_Init), (8 bytes).
    Removing usart.o(.ARM.exidx.text.HAL_UART_MspInit), (8 bytes).
    Removing usart.o(.text.HAL_UART_MspDeInit), (40 bytes).
    Removing usart.o(.ARM.exidx.text.HAL_UART_MspDeInit), (8 bytes).
    Removing stm32l4xx_it.o(.text), (0 bytes).
    Removing stm32l4xx_it.o(.ARM.exidx.text.NMI_Handler), (8 bytes).
    Removing stm32l4xx_it.o(.ARM.exidx.text.HardFault_Handler), (8 bytes).
    Removing stm32l4xx_it.o(.ARM.exidx.text.MemManage_Handler), (8 bytes).
    Removing stm32l4xx_it.o(.ARM.exidx.text.BusFault_Handler), (8 bytes).
    Removing stm32l4xx_it.o(.ARM.exidx.text.UsageFault_Handler), (8 bytes).
    Removing stm32l4xx_it.o(.ARM.exidx.text.SVC_Handler), (8 bytes).
    Removing stm32l4xx_it.o(.ARM.exidx.text.DebugMon_Handler), (8 bytes).
    Removing stm32l4xx_it.o(.ARM.exidx.text.PendSV_Handler), (8 bytes).
    Removing stm32l4xx_it.o(.ARM.exidx.text.SysTick_Handler), (8 bytes).
    Removing stm32l4xx_hal_msp.o(.text), (0 bytes).
    Removing stm32l4xx_hal_msp.o(.ARM.exidx.text.HAL_MspInit), (8 bytes).

736 unused section(s) (total 29260 bytes) removed from the image.

==============================================================================

Image Symbol Table

    Local Symbols

    Symbol Name                              Value     Ov Type        Size  Object(Section)

    ../clib/../cmprslib/zerorunl2.c          0x00000000   Number         0  __dczerorl2.o ABSOLUTE
    ../clib/microlib/division.c              0x00000000   Number         0  uldiv.o ABSOLUTE
    ../clib/microlib/init/entry.s            0x00000000   Number         0  entry.o ABSOLUTE
    ../clib/microlib/init/entry.s            0x00000000   Number         0  entry2.o ABSOLUTE
    ../clib/microlib/init/entry.s            0x00000000   Number         0  entry5.o ABSOLUTE
    ../clib/microlib/init/entry.s            0x00000000   Number         0  entry7a.o ABSOLUTE
    ../clib/microlib/init/entry.s            0x00000000   Number         0  entry7b.o ABSOLUTE
    ../clib/microlib/init/entry.s            0x00000000   Number         0  entry8a.o ABSOLUTE
    ../clib/microlib/init/entry.s            0x00000000   Number         0  entry8b.o ABSOLUTE
    ../clib/microlib/init/entry.s            0x00000000   Number         0  entry9a.o ABSOLUTE
    ../clib/microlib/init/entry.s            0x00000000   Number         0  entry9b.o ABSOLUTE
    ../clib/microlib/init/entry.s            0x00000000   Number         0  entry10a.o ABSOLUTE
    ../clib/microlib/init/entry.s            0x00000000   Number         0  entry10b.o ABSOLUTE
    ../clib/microlib/init/entry.s            0x00000000   Number         0  entry11a.o ABSOLUTE
    ../clib/microlib/init/entry.s            0x00000000   Number         0  entry11b.o ABSOLUTE
    ../clib/microlib/longlong.c              0x00000000   Number         0  llshl.o ABSOLUTE
    ../clib/microlib/longlong.c              0x00000000   Number         0  llushr.o ABSOLUTE
    ../clib/microlib/stdio/puts.c            0x00000000   Number         0  puts.o ABSOLUTE
    ../clib/microlib/stdio/puts.c            0x00000000   Number         0  puts_e.o ABSOLUTE
    ../clib/microlib/stdio/streams.c         0x00000000   Number         0  stdout.o ABSOLUTE
    ../clib/microlib/string/memset.c         0x00000000   Number         0  memseta.o ABSOLUTE
    dc.s                                     0x00000000   Number         0  dc.o ABSOLUTE
    gpio.c                                   0x00000000   Number         0  gpio.o ABSOLUTE
    handlers.s                               0x00000000   Number         0  handlers.o ABSOLUTE
    i2c.c                                    0x00000000   Number         0  i2c.o ABSOLUTE
    init.s                                   0x00000000   Number         0  init.o ABSOLUTE
    main.c                                   0x00000000   Number         0  main.o ABSOLUTE
    oled.c                                   0x00000000   Number         0  oled.o ABSOLUTE
    startup_stm32l476xx.s                    0x00000000   Number         0  startup_stm32l476xx.o ABSOLUTE
    stm32l4xx_hal.c                          0x00000000   Number         0  stm32l4xx_hal.o ABSOLUTE
    stm32l4xx_hal_cortex.c                   0x00000000   Number         0  stm32l4xx_hal_cortex.o ABSOLUTE
    stm32l4xx_hal_dma.c                      0x00000000   Number         0  stm32l4xx_hal_dma.o ABSOLUTE
    stm32l4xx_hal_dma_ex.c                   0x00000000   Number         0  stm32l4xx_hal_dma_ex.o ABSOLUTE
    stm32l4xx_hal_exti.c                     0x00000000   Number         0  stm32l4xx_hal_exti.o ABSOLUTE
    stm32l4xx_hal_flash.c                    0x00000000   Number         0  stm32l4xx_hal_flash.o ABSOLUTE
    stm32l4xx_hal_flash_ex.c                 0x00000000   Number         0  stm32l4xx_hal_flash_ex.o ABSOLUTE
    stm32l4xx_hal_flash_ramfunc.c            0x00000000   Number         0  stm32l4xx_hal_flash_ramfunc.o ABSOLUTE
    stm32l4xx_hal_gpio.c                     0x00000000   Number         0  stm32l4xx_hal_gpio.o ABSOLUTE
    stm32l4xx_hal_i2c.c                      0x00000000   Number         0  stm32l4xx_hal_i2c.o ABSOLUTE
    stm32l4xx_hal_i2c_ex.c                   0x00000000   Number         0  stm32l4xx_hal_i2c_ex.o ABSOLUTE
    stm32l4xx_hal_msp.c                      0x00000000   Number         0  stm32l4xx_hal_msp.o ABSOLUTE
    stm32l4xx_hal_pwr.c                      0x00000000   Number         0  stm32l4xx_hal_pwr.o ABSOLUTE
    stm32l4xx_hal_pwr_ex.c                   0x00000000   Number         0  stm32l4xx_hal_pwr_ex.o ABSOLUTE
    stm32l4xx_hal_rcc.c                      0x00000000   Number         0  stm32l4xx_hal_rcc.o ABSOLUTE
    stm32l4xx_hal_rcc_ex.c                   0x00000000   Number         0  stm32l4xx_hal_rcc_ex.o ABSOLUTE
    stm32l4xx_hal_tim.c                      0x00000000   Number         0  stm32l4xx_hal_tim.o ABSOLUTE
    stm32l4xx_hal_tim_ex.c                   0x00000000   Number         0  stm32l4xx_hal_tim_ex.o ABSOLUTE
    stm32l4xx_hal_uart.c                     0x00000000   Number         0  stm32l4xx_hal_uart.o ABSOLUTE
    stm32l4xx_hal_uart_ex.c                  0x00000000   Number         0  stm32l4xx_hal_uart_ex.o ABSOLUTE
    stm32l4xx_it.c                           0x00000000   Number         0  stm32l4xx_it.o ABSOLUTE
    system_stm32l4xx.c                       0x00000000   Number         0  system_stm32l4xx.o ABSOLUTE
    usart.c                                  0x00000000   Number         0  usart.o ABSOLUTE
    RESET                                    0x08000000   Section      392  startup_stm32l476xx.o(RESET)
    .ARM.Collect$$$$00000000                 0x08000188   Section        0  entry.o(.ARM.Collect$$$$00000000)
    .ARM.Collect$$$$00000001                 0x08000188   Section        4  entry2.o(.ARM.Collect$$$$00000001)
    .ARM.Collect$$$$00000004                 0x0800018c   Section        4  entry5.o(.ARM.Collect$$$$00000004)
    .ARM.Collect$$$$00000008                 0x08000190   Section        0  entry7b.o(.ARM.Collect$$$$00000008)
    .ARM.Collect$$$$0000000A                 0x08000190   Section        0  entry8b.o(.ARM.Collect$$$$0000000A)
    .ARM.Collect$$$$0000000B                 0x08000190   Section        8  entry9a.o(.ARM.Collect$$$$0000000B)
    __lit__00000000                          0x08000198   Data           4  entry2.o(.ARM.Collect$$$$00002712)
    .ARM.Collect$$$$0000000D                 0x08000198   Section        0  entry10a.o(.ARM.Collect$$$$0000000D)
    .ARM.Collect$$$$0000000F                 0x08000198   Section        0  entry11a.o(.ARM.Collect$$$$0000000F)
    .ARM.Collect$$$$00002712                 0x08000198   Section        4  entry2.o(.ARM.Collect$$$$00002712)
    $v0                                      0x0800019c   Number         0  startup_stm32l476xx.o(.text)
    .text                                    0x0800019c   Section       36  startup_stm32l476xx.o(.text)
    .text                                    0x080001c0   Section        0  uldiv.o(.text)
    .text                                    0x08000228   Section        0  memseta.o(.text)
    .text                                    0x0800024c   Section        0  llshl.o(.text)
    .text                                    0x0800026a   Section        0  llushr.o(.text)
    .text                                    0x0800028c   Section       36  init.o(.text)
    .text                                    0x080002b0   Section        0  __dczerorl2.o(.text)
    [Anonymous Symbol]                       0x08000306   Section        0  stm32l4xx_it.o(.text.BusFault_Handler)
    [Anonymous Symbol]                       0x08000308   Section        0  stm32l4xx_it.o(.text.DebugMon_Handler)
    [Anonymous Symbol]                       0x0800030a   Section        0  main.o(.text.Error_Handler)
    [Anonymous Symbol]                       0x0800030c   Section        0  stm32l4xx_hal.o(.text.HAL_Delay)
    __arm_cp.10_0                            0x0800032c   Number         4  stm32l4xx_hal.o(.text.HAL_Delay)
    [Anonymous Symbol]                       0x08000330   Section        0  stm32l4xx_hal_gpio.o(.text.HAL_GPIO_Init)
    __arm_cp.0_0                             0x080004ac   Number         4  stm32l4xx_hal_gpio.o(.text.HAL_GPIO_Init)
    __arm_cp.0_1                             0x080004b0   Number         4  stm32l4xx_hal_gpio.o(.text.HAL_GPIO_Init)
    __arm_cp.0_2                             0x080004b4   Number         4  stm32l4xx_hal_gpio.o(.text.HAL_GPIO_Init)
    __arm_cp.0_3                             0x080004b8   Number         4  stm32l4xx_hal_gpio.o(.text.HAL_GPIO_Init)
    __arm_cp.0_4                             0x080004bc   Number         4  stm32l4xx_hal_gpio.o(.text.HAL_GPIO_Init)
    [Anonymous Symbol]                       0x080004c6   Section        0  stm32l4xx_hal_gpio.o(.text.HAL_GPIO_WritePin)
    [Anonymous Symbol]                       0x080004d4   Section        0  stm32l4xx_hal.o(.text.HAL_GetTick)
    [Anonymous Symbol]                       0x080004dc   Section        0  stm32l4xx_hal_i2c_ex.o(.text.HAL_I2CEx_ConfigAnalogFilter)
    [Anonymous Symbol]                       0x08000526   Section        0  stm32l4xx_hal_i2c_ex.o(.text.HAL_I2CEx_ConfigDigitalFilter)
    [Anonymous Symbol]                       0x08000570   Section        0  stm32l4xx_hal_i2c.o(.text.HAL_I2C_Init)
    __arm_cp.0_0                             0x0800060c   Number         4  stm32l4xx_hal_i2c.o(.text.HAL_I2C_Init)
    [Anonymous Symbol]                       0x08000610   Section        0  stm32l4xx_hal_i2c.o(.text.HAL_I2C_Master_Transmit)
    __arm_cp.4_0                             0x08000744   Number         4  stm32l4xx_hal_i2c.o(.text.HAL_I2C_Master_Transmit)
    __arm_cp.4_1                             0x08000748   Number         4  stm32l4xx_hal_i2c.o(.text.HAL_I2C_Master_Transmit)
    [Anonymous Symbol]                       0x0800074c   Section        0  i2c.o(.text.HAL_I2C_MspInit)
    __arm_cp.1_0                             0x080007ac   Number         4  i2c.o(.text.HAL_I2C_MspInit)
    __arm_cp.1_1                             0x080007b0   Number         4  i2c.o(.text.HAL_I2C_MspInit)
    __arm_cp.1_2                             0x080007b4   Number         4  i2c.o(.text.HAL_I2C_MspInit)
    [Anonymous Symbol]                       0x080007b8   Section        0  stm32l4xx_hal.o(.text.HAL_IncTick)
    __arm_cp.5_1                             0x080007c8   Number         4  stm32l4xx_hal.o(.text.HAL_IncTick)
    [Anonymous Symbol]                       0x080007cc   Section        0  stm32l4xx_hal.o(.text.HAL_Init)
    __arm_cp.0_0                             0x080007f4   Number         4  stm32l4xx_hal.o(.text.HAL_Init)
    [Anonymous Symbol]                       0x080007f8   Section        0  stm32l4xx_hal.o(.text.HAL_InitTick)
    __arm_cp.1_0                             0x08000838   Number         4  stm32l4xx_hal.o(.text.HAL_InitTick)
    [Anonymous Symbol]                       0x0800083c   Section        0  stm32l4xx_hal_msp.o(.text.HAL_MspInit)
    __arm_cp.0_0                             0x08000868   Number         4  stm32l4xx_hal_msp.o(.text.HAL_MspInit)
    [Anonymous Symbol]                       0x0800086c   Section        0  stm32l4xx_hal_cortex.o(.text.HAL_NVIC_SetPriority)
    [Anonymous Symbol]                       0x080008a8   Section        0  stm32l4xx_hal_cortex.o(.text.HAL_NVIC_SetPriorityGrouping)
    __arm_cp.0_0                             0x080008c0   Number         4  stm32l4xx_hal_cortex.o(.text.HAL_NVIC_SetPriorityGrouping)
    __arm_cp.0_1                             0x080008c4   Number         4  stm32l4xx_hal_cortex.o(.text.HAL_NVIC_SetPriorityGrouping)
    [Anonymous Symbol]                       0x080008c8   Section        0  stm32l4xx_hal_pwr_ex.o(.text.HAL_PWREx_ControlVoltageScaling)
    __arm_cp.1_1                             0x08000924   Number         4  stm32l4xx_hal_pwr_ex.o(.text.HAL_PWREx_ControlVoltageScaling)
    __arm_cp.1_2                             0x08000928   Number         4  stm32l4xx_hal_pwr_ex.o(.text.HAL_PWREx_ControlVoltageScaling)
    [Anonymous Symbol]                       0x0800092c   Section        0  stm32l4xx_hal_pwr_ex.o(.text.HAL_PWREx_GetVoltageRange)
    [Anonymous Symbol]                       0x08000938   Section        0  stm32l4xx_hal_pwr.o(.text.HAL_PWR_EnableBkUpAccess)
    [Anonymous Symbol]                       0x08000944   Section        0  stm32l4xx_hal_rcc_ex.o(.text.HAL_RCCEx_EnableMSIPLLMode)
    __arm_cp.19_0                            0x08000950   Number         4  stm32l4xx_hal_rcc_ex.o(.text.HAL_RCCEx_EnableMSIPLLMode)
    [Anonymous Symbol]                       0x08000954   Section        0  stm32l4xx_hal_rcc_ex.o(.text.HAL_RCCEx_PeriphCLKConfig)
    __arm_cp.0_0                             0x08000ca0   Number         4  stm32l4xx_hal_rcc_ex.o(.text.HAL_RCCEx_PeriphCLKConfig)
    __arm_cp.0_1                             0x08000ca4   Number         4  stm32l4xx_hal_rcc_ex.o(.text.HAL_RCCEx_PeriphCLKConfig)
    [Anonymous Symbol]                       0x08000ca8   Section        0  stm32l4xx_hal_rcc.o(.text.HAL_RCC_ClockConfig)
    __arm_cp.4_0                             0x08000dc8   Number         4  stm32l4xx_hal_rcc.o(.text.HAL_RCC_ClockConfig)
    __arm_cp.4_2                             0x08000dcc   Number         4  stm32l4xx_hal_rcc.o(.text.HAL_RCC_ClockConfig)
    __arm_cp.4_4                             0x08000dd0   Number         4  stm32l4xx_hal_rcc.o(.text.HAL_RCC_ClockConfig)
    [Anonymous Symbol]                       0x08000dd4   Section        0  stm32l4xx_hal_rcc.o(.text.HAL_RCC_GetPCLK1Freq)
    [Anonymous Symbol]                       0x08000dec   Section        0  stm32l4xx_hal_rcc.o(.text.HAL_RCC_GetPCLK2Freq)
    __arm_cp.8_0                             0x08000e04   Number         4  stm32l4xx_hal_rcc.o(.text.HAL_RCC_GetPCLK2Freq)
    __arm_cp.8_1                             0x08000e08   Number         4  stm32l4xx_hal_rcc.o(.text.HAL_RCC_GetPCLK2Freq)
    __arm_cp.8_2                             0x08000e0c   Number         4  stm32l4xx_hal_rcc.o(.text.HAL_RCC_GetPCLK2Freq)
    [Anonymous Symbol]                       0x08000e10   Section        0  stm32l4xx_hal_rcc.o(.text.HAL_RCC_GetSysClockFreq)
    __arm_cp.3_1                             0x08000ea0   Number         4  stm32l4xx_hal_rcc.o(.text.HAL_RCC_GetSysClockFreq)
    __arm_cp.3_2                             0x08000ea4   Number         4  stm32l4xx_hal_rcc.o(.text.HAL_RCC_GetSysClockFreq)
    __arm_cp.3_3                             0x08000ea8   Number         4  stm32l4xx_hal_rcc.o(.text.HAL_RCC_GetSysClockFreq)
    [Anonymous Symbol]                       0x08000eac   Section        0  stm32l4xx_hal_rcc.o(.text.HAL_RCC_OscConfig)
    __arm_cp.1_9                             0x08001204   Number         4  stm32l4xx_hal_rcc.o(.text.HAL_RCC_OscConfig)
    __arm_cp.1_1                             0x080013dc   Number         4  stm32l4xx_hal_rcc.o(.text.HAL_RCC_OscConfig)
    __arm_cp.1_2                             0x080013e0   Number         4  stm32l4xx_hal_rcc.o(.text.HAL_RCC_OscConfig)
    __arm_cp.1_3                             0x080013e4   Number         4  stm32l4xx_hal_rcc.o(.text.HAL_RCC_OscConfig)
    __arm_cp.1_4                             0x080013e8   Number         4  stm32l4xx_hal_rcc.o(.text.HAL_RCC_OscConfig)
    __arm_cp.1_5                             0x080013ec   Number         4  stm32l4xx_hal_rcc.o(.text.HAL_RCC_OscConfig)
    __arm_cp.1_6                             0x080013f0   Number         4  stm32l4xx_hal_rcc.o(.text.HAL_RCC_OscConfig)
    __arm_cp.1_7                             0x080013f4   Number         4  stm32l4xx_hal_rcc.o(.text.HAL_RCC_OscConfig)
    __arm_cp.1_8                             0x080013f8   Number         4  stm32l4xx_hal_rcc.o(.text.HAL_RCC_OscConfig)
    [Anonymous Symbol]                       0x080013fc   Section        0  stm32l4xx_hal_cortex.o(.text.HAL_SYSTICK_Config)
    __arm_cp.7_0                             0x0800141c   Number         4  stm32l4xx_hal_cortex.o(.text.HAL_SYSTICK_Config)
    __arm_cp.7_1                             0x08001420   Number         4  stm32l4xx_hal_cortex.o(.text.HAL_SYSTICK_Config)
    [Anonymous Symbol]                       0x08001424   Section        0  stm32l4xx_hal_uart.o(.text.HAL_UART_Init)
    [Anonymous Symbol]                       0x08001484   Section        0  usart.o(.text.HAL_UART_MspInit)
    [Anonymous Symbol]                       0x080014e4   Section        0  stm32l4xx_it.o(.text.HardFault_Handler)
    I2C_Flush_TXDR                           0x080014e7   Thumb Code    28  stm32l4xx_hal_i2c.o(.text.I2C_Flush_TXDR)
    [Anonymous Symbol]                       0x080014e6   Section        0  stm32l4xx_hal_i2c.o(.text.I2C_Flush_TXDR)
    I2C_IsAcknowledgeFailed                  0x08001505   Thumb Code   108  stm32l4xx_hal_i2c.o(.text.I2C_IsAcknowledgeFailed)
    [Anonymous Symbol]                       0x08001504   Section        0  stm32l4xx_hal_i2c.o(.text.I2C_IsAcknowledgeFailed)
    __arm_cp.78_0                            0x0800156c   Number         4  stm32l4xx_hal_i2c.o(.text.I2C_IsAcknowledgeFailed)
    I2C_TransferConfig                       0x08001571   Thumb Code    36  stm32l4xx_hal_i2c.o(.text.I2C_TransferConfig)
    [Anonymous Symbol]                       0x08001570   Section        0  stm32l4xx_hal_i2c.o(.text.I2C_TransferConfig)
    __arm_cp.6_0                             0x08001590   Number         4  stm32l4xx_hal_i2c.o(.text.I2C_TransferConfig)
    I2C_WaitOnFlagUntilTimeout               0x08001595   Thumb Code    96  stm32l4xx_hal_i2c.o(.text.I2C_WaitOnFlagUntilTimeout)
    [Anonymous Symbol]                       0x08001594   Section        0  stm32l4xx_hal_i2c.o(.text.I2C_WaitOnFlagUntilTimeout)
    I2C_WaitOnSTOPFlagUntilTimeout           0x080015f5   Thumb Code    72  stm32l4xx_hal_i2c.o(.text.I2C_WaitOnSTOPFlagUntilTimeout)
    [Anonymous Symbol]                       0x080015f4   Section        0  stm32l4xx_hal_i2c.o(.text.I2C_WaitOnSTOPFlagUntilTimeout)
    I2C_WaitOnTXISFlagUntilTimeout           0x0800163d   Thumb Code    80  stm32l4xx_hal_i2c.o(.text.I2C_WaitOnTXISFlagUntilTimeout)
    [Anonymous Symbol]                       0x0800163c   Section        0  stm32l4xx_hal_i2c.o(.text.I2C_WaitOnTXISFlagUntilTimeout)
    [Anonymous Symbol]                       0x0800168c   Section        0  gpio.o(.text.MX_GPIO_Init)
    __arm_cp.0_0                             0x0800171c   Number         4  gpio.o(.text.MX_GPIO_Init)
    __arm_cp.0_1                             0x08001720   Number         4  gpio.o(.text.MX_GPIO_Init)
    __arm_cp.0_2                             0x08001724   Number         4  gpio.o(.text.MX_GPIO_Init)
    [Anonymous Symbol]                       0x08001728   Section        0  i2c.o(.text.MX_I2C1_Init)
    __arm_cp.0_1                             0x08001778   Number         4  i2c.o(.text.MX_I2C1_Init)
    __arm_cp.0_2                             0x0800177c   Number         4  i2c.o(.text.MX_I2C1_Init)
    [Anonymous Symbol]                       0x08001780   Section        0  usart.o(.text.MX_USART2_UART_Init)
    __arm_cp.1_0                             0x080017b4   Number         4  usart.o(.text.MX_USART2_UART_Init)
    __arm_cp.1_1                             0x080017b8   Number         4  usart.o(.text.MX_USART2_UART_Init)
    [Anonymous Symbol]                       0x080017bc   Section        0  stm32l4xx_it.o(.text.MemManage_Handler)
    [Anonymous Symbol]                       0x080017be   Section        0  stm32l4xx_it.o(.text.NMI_Handler)
    [Anonymous Symbol]                       0x080017c0   Section        0  oled.o(.text.OLED_Clear)
    [Anonymous Symbol]                       0x080017f4   Section        0  oled.o(.text.OLED_DrawBMP)
    [Anonymous Symbol]                       0x08001834   Section        0  oled.o(.text.OLED_Init)
    [Anonymous Symbol]                       0x080018c0   Section        0  oled.o(.text.OLED_Set_Pos)
    __arm_cp.0_0                             0x080018e4   Number         4  oled.o(.text.OLED_Set_Pos)
    [Anonymous Symbol]                       0x080018e8   Section        0  oled.o(.text.OLED_ShowCHinese)
    __arm_cp.10_0                            0x0800192c   Number         4  oled.o(.text.OLED_ShowCHinese)
    [Anonymous Symbol]                       0x08001930   Section        0  oled.o(.text.OLED_ShowChar)
    __arm_cp.7_0                             0x080019b8   Number         4  oled.o(.text.OLED_ShowChar)
    __arm_cp.7_1                             0x080019bc   Number         4  oled.o(.text.OLED_ShowChar)
    [Anonymous Symbol]                       0x080019c0   Section        0  oled.o(.text.OLED_ShowString)
    OLED_Write_Cmd                           0x080019f5   Thumb Code    40  oled.o(.text.OLED_Write_Cmd)
    [Anonymous Symbol]                       0x080019f4   Section        0  oled.o(.text.OLED_Write_Cmd)
    OLED_Write_Dat                           0x08001a19   Thumb Code    40  oled.o(.text.OLED_Write_Dat)
    [Anonymous Symbol]                       0x08001a18   Section        0  oled.o(.text.OLED_Write_Dat)
    __arm_cp.5_0                             0x08001a3c   Number         4  oled.o(.text.OLED_Write_Dat)
    [Anonymous Symbol]                       0x08001a40   Section        0  stm32l4xx_it.o(.text.PendSV_Handler)
    RCCEx_PLLSAI1_Config                     0x08001a45   Thumb Code   300  stm32l4xx_hal_rcc_ex.o(.text.RCCEx_PLLSAI1_Config)
    [Anonymous Symbol]                       0x08001a44   Section        0  stm32l4xx_hal_rcc_ex.o(.text.RCCEx_PLLSAI1_Config)
    __arm_cp.1_2                             0x08001b5c   Number         4  stm32l4xx_hal_rcc_ex.o(.text.RCCEx_PLLSAI1_Config)
    RCCEx_PLLSAI2_Config                     0x08001b61   Thumb Code   264  stm32l4xx_hal_rcc_ex.o(.text.RCCEx_PLLSAI2_Config)
    [Anonymous Symbol]                       0x08001b60   Section        0  stm32l4xx_hal_rcc_ex.o(.text.RCCEx_PLLSAI2_Config)
    __arm_cp.2_1                             0x08001c58   Number         4  stm32l4xx_hal_rcc_ex.o(.text.RCCEx_PLLSAI2_Config)
    __arm_cp.2_2                             0x08001c5c   Number         4  stm32l4xx_hal_rcc_ex.o(.text.RCCEx_PLLSAI2_Config)
    __arm_cp.2_3                             0x08001c60   Number         4  stm32l4xx_hal_rcc_ex.o(.text.RCCEx_PLLSAI2_Config)
    RCC_SetFlashLatencyFromMSIRange          0x08001c65   Thumb Code   136  stm32l4xx_hal_rcc.o(.text.RCC_SetFlashLatencyFromMSIRange)
    [Anonymous Symbol]                       0x08001c64   Section        0  stm32l4xx_hal_rcc.o(.text.RCC_SetFlashLatencyFromMSIRange)
    __arm_cp.2_0                             0x08001ce4   Number         4  stm32l4xx_hal_rcc.o(.text.RCC_SetFlashLatencyFromMSIRange)
    __arm_cp.2_1                             0x08001ce8   Number         4  stm32l4xx_hal_rcc.o(.text.RCC_SetFlashLatencyFromMSIRange)
    [Anonymous Symbol]                       0x08001cec   Section        0  stm32l4xx_it.o(.text.SVC_Handler)
    [Anonymous Symbol]                       0x08001cee   Section        0  stm32l4xx_it.o(.text.SysTick_Handler)
    [Anonymous Symbol]                       0x08001cf4   Section        0  main.o(.text.SystemClock_Config)
    __arm_cp.1_0                             0x08001d78   Number         4  main.o(.text.SystemClock_Config)
    [Anonymous Symbol]                       0x08001d7c   Section        0  system_stm32l4xx.o(.text.SystemInit)
    __arm_cp.0_0                             0x08001dbc   Number         4  system_stm32l4xx.o(.text.SystemInit)
    __arm_cp.0_1                             0x08001dc0   Number         4  system_stm32l4xx.o(.text.SystemInit)
    __arm_cp.0_2                             0x08001dc4   Number         4  system_stm32l4xx.o(.text.SystemInit)
    [Anonymous Symbol]                       0x08001dc8   Section        0  stm32l4xx_hal_uart.o(.text.UART_AdvFeatureConfig)
    [Anonymous Symbol]                       0x08001e9a   Section        0  stm32l4xx_hal_uart.o(.text.UART_CheckIdleState)
    [Anonymous Symbol]                       0x08001ef8   Section        0  stm32l4xx_hal_uart.o(.text.UART_SetConfig)
    __arm_cp.2_0                             0x080020cc   Number         4  stm32l4xx_hal_uart.o(.text.UART_SetConfig)
    __arm_cp.2_1                             0x080020d0   Number         4  stm32l4xx_hal_uart.o(.text.UART_SetConfig)
    __arm_cp.2_2                             0x080020d4   Number         4  stm32l4xx_hal_uart.o(.text.UART_SetConfig)
    __arm_cp.2_3                             0x080020d8   Number         4  stm32l4xx_hal_uart.o(.text.UART_SetConfig)
    __arm_cp.2_4                             0x080020dc   Number         4  stm32l4xx_hal_uart.o(.text.UART_SetConfig)
    __arm_cp.2_5                             0x080020e0   Number         4  stm32l4xx_hal_uart.o(.text.UART_SetConfig)
    __arm_cp.2_6                             0x080020e4   Number         4  stm32l4xx_hal_uart.o(.text.UART_SetConfig)
    __arm_cp.2_7                             0x080020e8   Number         4  stm32l4xx_hal_uart.o(.text.UART_SetConfig)
    __arm_cp.2_10                            0x0800210c   Number         4  stm32l4xx_hal_uart.o(.text.UART_SetConfig)
    __arm_cp.2_11                            0x08002110   Number         4  stm32l4xx_hal_uart.o(.text.UART_SetConfig)
    __arm_cp.2_12                            0x08002114   Number         4  stm32l4xx_hal_uart.o(.text.UART_SetConfig)
    __arm_cp.2_13                            0x08002118   Number         4  stm32l4xx_hal_uart.o(.text.UART_SetConfig)
    [Anonymous Symbol]                       0x0800211c   Section        0  stm32l4xx_hal_uart.o(.text.UART_WaitOnFlagUntilTimeout)
    [Anonymous Symbol]                       0x080021b6   Section        0  stm32l4xx_it.o(.text.UsageFault_Handler)
    __NVIC_SetPriority                       0x080021b9   Thumb Code    36  stm32l4xx_hal_cortex.o(.text.__NVIC_SetPriority)
    [Anonymous Symbol]                       0x080021b8   Section        0  stm32l4xx_hal_cortex.o(.text.__NVIC_SetPriority)
    __arm_cp.2_0                             0x080021d4   Number         4  stm32l4xx_hal_cortex.o(.text.__NVIC_SetPriority)
    __arm_cp.2_1                             0x080021d8   Number         4  stm32l4xx_hal_cortex.o(.text.__NVIC_SetPriority)
    [Anonymous Symbol]                       0x080021dc   Section        0  usart.o(.text.fputc)
    __arm_cp.0_0                             0x080021ec   Number         4  usart.o(.text.fputc)
    [Anonymous Symbol]                       0x080021f0   Section        0  main.o(.text.main)
    __arm_cp.0_1                             0x080022fc   Number         4  main.o(.text.main)
    __arm_cp.0_3                             0x08002310   Number         4  main.o(.text.main)
    __arm_cp.0_5                             0x08002320   Number         4  main.o(.text.main)
    i.__scatterload_copy                     0x08002324   Section       14  handlers.o(i.__scatterload_copy)
    i.__scatterload_null                     0x08002332   Section        2  handlers.o(i.__scatterload_null)
    i.__scatterload_zeroinit                 0x08002334   Section       14  handlers.o(i.__scatterload_zeroinit)
    i.puts                                   0x08002344   Section        0  puts.o(i.puts)
    .data                                    0x20000000   Section        4  stdout.o(.data)
    [Anonymous Symbol]                       0x20000004   Section        0  stm32l4xx_hal.o(.data..L_MergedGlobals)
    STACK                                    0x200005a0   Section     1024  startup_stm32l476xx.o(STACK)

    Global Symbols

    Symbol Name                              Value     Ov Type        Size  Object(Section)

    BuildAttributes$$THM_ISAv4$E$P$D$K$B$S$7EM$VFPi3$EXTD16$VFPS$VFMA$PE$A:L22UL41UL21$X:L11$S22US41US21$IEEE1$IW$~IW$USESV6$~STKCKD$USESV7$~SHL$OSPACE$EBA8$MICROLIB$REQ8$PRES8$EABIv2 0x00000000   Number         0  anon$$obj.o ABSOLUTE
    __cpp_initialize__aeabi_                  - Undefined Weak Reference
    __cxa_finalize                            - Undefined Weak Reference
    _clock_init                               - Undefined Weak Reference
    _microlib_exit                            - Undefined Weak Reference
    __Vectors_Size                           0x00000188   Number         0  startup_stm32l476xx.o ABSOLUTE
    __Vectors                                0x08000000   Data           4  startup_stm32l476xx.o(RESET)
    __Vectors_End                            0x08000188   Data           0  startup_stm32l476xx.o(RESET)
    __main                                   0x08000189   Thumb Code     0  entry.o(.ARM.Collect$$$$00000000)
    _main_stk                                0x08000189   Thumb Code     0  entry2.o(.ARM.Collect$$$$00000001)
    _main_scatterload                        0x0800018d   Thumb Code     0  entry5.o(.ARM.Collect$$$$00000004)
    __main_after_scatterload                 0x08000191   Thumb Code     0  entry5.o(.ARM.Collect$$$$00000004)
    _main_clock                              0x08000191   Thumb Code     0  entry7b.o(.ARM.Collect$$$$00000008)
    _main_cpp_init                           0x08000191   Thumb Code     0  entry8b.o(.ARM.Collect$$$$0000000A)
    _main_init                               0x08000191   Thumb Code     0  entry9a.o(.ARM.Collect$$$$0000000B)
    __rt_final_cpp                           0x08000199   Thumb Code     0  entry10a.o(.ARM.Collect$$$$0000000D)
    __rt_final_exit                          0x08000199   Thumb Code     0  entry11a.o(.ARM.Collect$$$$0000000F)
    Reset_Handler                            0x0800019d   Thumb Code     8  startup_stm32l476xx.o(.text)
    ADC1_2_IRQHandler                        0x080001b7   Thumb Code     0  startup_stm32l476xx.o(.text)
    ADC3_IRQHandler                          0x080001b7   Thumb Code     0  startup_stm32l476xx.o(.text)
    CAN1_RX0_IRQHandler                      0x080001b7   Thumb Code     0  startup_stm32l476xx.o(.text)
    CAN1_RX1_IRQHandler                      0x080001b7   Thumb Code     0  startup_stm32l476xx.o(.text)
    CAN1_SCE_IRQHandler                      0x080001b7   Thumb Code     0  startup_stm32l476xx.o(.text)
    CAN1_TX_IRQHandler                       0x080001b7   Thumb Code     0  startup_stm32l476xx.o(.text)
    COMP_IRQHandler                          0x080001b7   Thumb Code     0  startup_stm32l476xx.o(.text)
    DFSDM1_FLT0_IRQHandler                   0x080001b7   Thumb Code     0  startup_stm32l476xx.o(.text)
    DFSDM1_FLT1_IRQHandler                   0x080001b7   Thumb Code     0  startup_stm32l476xx.o(.text)
    DFSDM1_FLT2_IRQHandler                   0x080001b7   Thumb Code     0  startup_stm32l476xx.o(.text)
    DFSDM1_FLT3_IRQHandler                   0x080001b7   Thumb Code     0  startup_stm32l476xx.o(.text)
    DMA1_Channel1_IRQHandler                 0x080001b7   Thumb Code     0  startup_stm32l476xx.o(.text)
    DMA1_Channel2_IRQHandler                 0x080001b7   Thumb Code     0  startup_stm32l476xx.o(.text)
    DMA1_Channel3_IRQHandler                 0x080001b7   Thumb Code     0  startup_stm32l476xx.o(.text)
    DMA1_Channel4_IRQHandler                 0x080001b7   Thumb Code     0  startup_stm32l476xx.o(.text)
    DMA1_Channel5_IRQHandler                 0x080001b7   Thumb Code     0  startup_stm32l476xx.o(.text)
    DMA1_Channel6_IRQHandler                 0x080001b7   Thumb Code     0  startup_stm32l476xx.o(.text)
    DMA1_Channel7_IRQHandler                 0x080001b7   Thumb Code     0  startup_stm32l476xx.o(.text)
    DMA2_Channel1_IRQHandler                 0x080001b7   Thumb Code     0  startup_stm32l476xx.o(.text)
    DMA2_Channel2_IRQHandler                 0x080001b7   Thumb Code     0  startup_stm32l476xx.o(.text)
    DMA2_Channel3_IRQHandler                 0x080001b7   Thumb Code     0  startup_stm32l476xx.o(.text)
    DMA2_Channel4_IRQHandler                 0x080001b7   Thumb Code     0  startup_stm32l476xx.o(.text)
    DMA2_Channel5_IRQHandler                 0x080001b7   Thumb Code     0  startup_stm32l476xx.o(.text)
    DMA2_Channel6_IRQHandler                 0x080001b7   Thumb Code     0  startup_stm32l476xx.o(.text)
    DMA2_Channel7_IRQHandler                 0x080001b7   Thumb Code     0  startup_stm32l476xx.o(.text)
    EXTI0_IRQHandler                         0x080001b7   Thumb Code     0  startup_stm32l476xx.o(.text)
    EXTI15_10_IRQHandler                     0x080001b7   Thumb Code     0  startup_stm32l476xx.o(.text)
    EXTI1_IRQHandler                         0x080001b7   Thumb Code     0  startup_stm32l476xx.o(.text)
    EXTI2_IRQHandler                         0x080001b7   Thumb Code     0  startup_stm32l476xx.o(.text)
    EXTI3_IRQHandler                         0x080001b7   Thumb Code     0  startup_stm32l476xx.o(.text)
    EXTI4_IRQHandler                         0x080001b7   Thumb Code     0  startup_stm32l476xx.o(.text)
    EXTI9_5_IRQHandler                       0x080001b7   Thumb Code     0  startup_stm32l476xx.o(.text)
    FLASH_IRQHandler                         0x080001b7   Thumb Code     0  startup_stm32l476xx.o(.text)
    FMC_IRQHandler                           0x080001b7   Thumb Code     0  startup_stm32l476xx.o(.text)
    FPU_IRQHandler                           0x080001b7   Thumb Code     0  startup_stm32l476xx.o(.text)
    I2C1_ER_IRQHandler                       0x080001b7   Thumb Code     0  startup_stm32l476xx.o(.text)
    I2C1_EV_IRQHandler                       0x080001b7   Thumb Code     0  startup_stm32l476xx.o(.text)
    I2C2_ER_IRQHandler                       0x080001b7   Thumb Code     0  startup_stm32l476xx.o(.text)
    I2C2_EV_IRQHandler                       0x080001b7   Thumb Code     0  startup_stm32l476xx.o(.text)
    I2C3_ER_IRQHandler                       0x080001b7   Thumb Code     0  startup_stm32l476xx.o(.text)
    I2C3_EV_IRQHandler                       0x080001b7   Thumb Code     0  startup_stm32l476xx.o(.text)
    LCD_IRQHandler                           0x080001b7   Thumb Code     0  startup_stm32l476xx.o(.text)
    LPTIM1_IRQHandler                        0x080001b7   Thumb Code     0  startup_stm32l476xx.o(.text)
    LPTIM2_IRQHandler                        0x080001b7   Thumb Code     0  startup_stm32l476xx.o(.text)
    LPUART1_IRQHandler                       0x080001b7   Thumb Code     0  startup_stm32l476xx.o(.text)
    OTG_FS_IRQHandler                        0x080001b7   Thumb Code     0  startup_stm32l476xx.o(.text)
    PVD_PVM_IRQHandler                       0x080001b7   Thumb Code     0  startup_stm32l476xx.o(.text)
    QUADSPI_IRQHandler                       0x080001b7   Thumb Code     0  startup_stm32l476xx.o(.text)
    RCC_IRQHandler                           0x080001b7   Thumb Code     0  startup_stm32l476xx.o(.text)
    RNG_IRQHandler                           0x080001b7   Thumb Code     0  startup_stm32l476xx.o(.text)
    RTC_Alarm_IRQHandler                     0x080001b7   Thumb Code     0  startup_stm32l476xx.o(.text)
    RTC_WKUP_IRQHandler                      0x080001b7   Thumb Code     0  startup_stm32l476xx.o(.text)
    SAI1_IRQHandler                          0x080001b7   Thumb Code     0  startup_stm32l476xx.o(.text)
    SAI2_IRQHandler                          0x080001b7   Thumb Code     0  startup_stm32l476xx.o(.text)
    SDMMC1_IRQHandler                        0x080001b7   Thumb Code     0  startup_stm32l476xx.o(.text)
    SPI1_IRQHandler                          0x080001b7   Thumb Code     0  startup_stm32l476xx.o(.text)
    SPI2_IRQHandler                          0x080001b7   Thumb Code     0  startup_stm32l476xx.o(.text)
    SPI3_IRQHandler                          0x080001b7   Thumb Code     0  startup_stm32l476xx.o(.text)
    SWPMI1_IRQHandler                        0x080001b7   Thumb Code     0  startup_stm32l476xx.o(.text)
    TAMP_STAMP_IRQHandler                    0x080001b7   Thumb Code     0  startup_stm32l476xx.o(.text)
    TIM1_BRK_TIM15_IRQHandler                0x080001b7   Thumb Code     0  startup_stm32l476xx.o(.text)
    TIM1_CC_IRQHandler                       0x080001b7   Thumb Code     0  startup_stm32l476xx.o(.text)
    TIM1_TRG_COM_TIM17_IRQHandler            0x080001b7   Thumb Code     0  startup_stm32l476xx.o(.text)
    TIM1_UP_TIM16_IRQHandler                 0x080001b7   Thumb Code     0  startup_stm32l476xx.o(.text)
    TIM2_IRQHandler                          0x080001b7   Thumb Code     0  startup_stm32l476xx.o(.text)
    TIM3_IRQHandler                          0x080001b7   Thumb Code     0  startup_stm32l476xx.o(.text)
    TIM4_IRQHandler                          0x080001b7   Thumb Code     0  startup_stm32l476xx.o(.text)
    TIM5_IRQHandler                          0x080001b7   Thumb Code     0  startup_stm32l476xx.o(.text)
    TIM6_DAC_IRQHandler                      0x080001b7   Thumb Code     0  startup_stm32l476xx.o(.text)
    TIM7_IRQHandler                          0x080001b7   Thumb Code     0  startup_stm32l476xx.o(.text)
    TIM8_BRK_IRQHandler                      0x080001b7   Thumb Code     0  startup_stm32l476xx.o(.text)
    TIM8_CC_IRQHandler                       0x080001b7   Thumb Code     0  startup_stm32l476xx.o(.text)
    TIM8_TRG_COM_IRQHandler                  0x080001b7   Thumb Code     0  startup_stm32l476xx.o(.text)
    TIM8_UP_IRQHandler                       0x080001b7   Thumb Code     0  startup_stm32l476xx.o(.text)
    TSC_IRQHandler                           0x080001b7   Thumb Code     0  startup_stm32l476xx.o(.text)
    UART4_IRQHandler                         0x080001b7   Thumb Code     0  startup_stm32l476xx.o(.text)
    UART5_IRQHandler                         0x080001b7   Thumb Code     0  startup_stm32l476xx.o(.text)
    USART1_IRQHandler                        0x080001b7   Thumb Code     0  startup_stm32l476xx.o(.text)
    USART2_IRQHandler                        0x080001b7   Thumb Code     0  startup_stm32l476xx.o(.text)
    USART3_IRQHandler                        0x080001b7   Thumb Code     0  startup_stm32l476xx.o(.text)
    WWDG_IRQHandler                          0x080001b7   Thumb Code     0  startup_stm32l476xx.o(.text)
    __aeabi_uldivmod                         0x080001c1   Thumb Code    98  uldiv.o(.text)
    __aeabi_memset                           0x08000229   Thumb Code    14  memseta.o(.text)
    __aeabi_memset4                          0x08000229   Thumb Code     0  memseta.o(.text)
    __aeabi_memset8                          0x08000229   Thumb Code     0  memseta.o(.text)
    __aeabi_memclr                           0x08000237   Thumb Code     4  memseta.o(.text)
    __aeabi_memclr4                          0x08000237   Thumb Code     0  memseta.o(.text)
    __aeabi_memclr8                          0x08000237   Thumb Code     0  memseta.o(.text)
    _memset$wrapper                          0x0800023b   Thumb Code    18  memseta.o(.text)
    __aeabi_llsl                             0x0800024d   Thumb Code    30  llshl.o(.text)
    _ll_shift_l                              0x0800024d   Thumb Code     0  llshl.o(.text)
    __aeabi_llsr                             0x0800026b   Thumb Code    32  llushr.o(.text)
    _ll_ushift_r                             0x0800026b   Thumb Code     0  llushr.o(.text)
    __scatterload                            0x0800028d   Thumb Code    28  init.o(.text)
    __scatterload_rt2                        0x0800028d   Thumb Code     0  init.o(.text)
    __decompress                             0x080002b1   Thumb Code     0  __dczerorl2.o(.text)
    __decompress1                            0x080002b1   Thumb Code    86  __dczerorl2.o(.text)
    BusFault_Handler                         0x08000307   Thumb Code     2  stm32l4xx_it.o(.text.BusFault_Handler)
    DebugMon_Handler                         0x08000309   Thumb Code     2  stm32l4xx_it.o(.text.DebugMon_Handler)
    Error_Handler                            0x0800030b   Thumb Code     2  main.o(.text.Error_Handler)
    HAL_Delay                                0x0800030d   Thumb Code    36  stm32l4xx_hal.o(.text.HAL_Delay)
    HAL_GPIO_Init                            0x08000331   Thumb Code   400  stm32l4xx_hal_gpio.o(.text.HAL_GPIO_Init)
    HAL_GPIO_WritePin                        0x080004c7   Thumb Code    12  stm32l4xx_hal_gpio.o(.text.HAL_GPIO_WritePin)
    HAL_GetTick                              0x080004d5   Thumb Code    12  stm32l4xx_hal.o(.text.HAL_GetTick)
    HAL_I2CEx_ConfigAnalogFilter             0x080004dd   Thumb Code    74  stm32l4xx_hal_i2c_ex.o(.text.HAL_I2CEx_ConfigAnalogFilter)
    HAL_I2CEx_ConfigDigitalFilter            0x08000527   Thumb Code    72  stm32l4xx_hal_i2c_ex.o(.text.HAL_I2CEx_ConfigDigitalFilter)
    HAL_I2C_Init                             0x08000571   Thumb Code   160  stm32l4xx_hal_i2c.o(.text.HAL_I2C_Init)
    HAL_I2C_Master_Transmit                  0x08000611   Thumb Code   316  stm32l4xx_hal_i2c.o(.text.HAL_I2C_Master_Transmit)
    HAL_I2C_MspInit                          0x0800074d   Thumb Code   108  i2c.o(.text.HAL_I2C_MspInit)
    HAL_IncTick                              0x080007b9   Thumb Code    24  stm32l4xx_hal.o(.text.HAL_IncTick)
    HAL_Init                                 0x080007cd   Thumb Code    44  stm32l4xx_hal.o(.text.HAL_Init)
    HAL_InitTick                             0x080007f9   Thumb Code    72  stm32l4xx_hal.o(.text.HAL_InitTick)
    HAL_MspInit                              0x0800083d   Thumb Code    48  stm32l4xx_hal_msp.o(.text.HAL_MspInit)
    HAL_NVIC_SetPriority                     0x0800086d   Thumb Code    64  stm32l4xx_hal_cortex.o(.text.HAL_NVIC_SetPriority)
    HAL_NVIC_SetPriorityGrouping             0x080008a9   Thumb Code    32  stm32l4xx_hal_cortex.o(.text.HAL_NVIC_SetPriorityGrouping)
    HAL_PWREx_ControlVoltageScaling          0x080008c9   Thumb Code   104  stm32l4xx_hal_pwr_ex.o(.text.HAL_PWREx_ControlVoltageScaling)
    HAL_PWREx_GetVoltageRange                0x0800092d   Thumb Code    16  stm32l4xx_hal_pwr_ex.o(.text.HAL_PWREx_GetVoltageRange)
    HAL_PWR_EnableBkUpAccess                 0x08000939   Thumb Code    16  stm32l4xx_hal_pwr.o(.text.HAL_PWR_EnableBkUpAccess)
    HAL_RCCEx_EnableMSIPLLMode               0x08000945   Thumb Code    16  stm32l4xx_hal_rcc_ex.o(.text.HAL_RCCEx_EnableMSIPLLMode)
    HAL_RCCEx_PeriphCLKConfig                0x08000955   Thumb Code   852  stm32l4xx_hal_rcc_ex.o(.text.HAL_RCCEx_PeriphCLKConfig)
    HAL_RCC_ClockConfig                      0x08000ca9   Thumb Code   308  stm32l4xx_hal_rcc.o(.text.HAL_RCC_ClockConfig)
    HAL_RCC_GetPCLK1Freq                     0x08000dd5   Thumb Code    36  stm32l4xx_hal_rcc.o(.text.HAL_RCC_GetPCLK1Freq)
    HAL_RCC_GetPCLK2Freq                     0x08000ded   Thumb Code    36  stm32l4xx_hal_rcc.o(.text.HAL_RCC_GetPCLK2Freq)
    HAL_RCC_GetSysClockFreq                  0x08000e11   Thumb Code   160  stm32l4xx_hal_rcc.o(.text.HAL_RCC_GetSysClockFreq)
    HAL_RCC_OscConfig                        0x08000ead   Thumb Code  1360  stm32l4xx_hal_rcc.o(.text.HAL_RCC_OscConfig)
    HAL_SYSTICK_Config                       0x080013fd   Thumb Code    40  stm32l4xx_hal_cortex.o(.text.HAL_SYSTICK_Config)
    HAL_UART_Init                            0x08001425   Thumb Code    96  stm32l4xx_hal_uart.o(.text.HAL_UART_Init)
    HAL_UART_MspInit                         0x08001485   Thumb Code   104  usart.o(.text.HAL_UART_MspInit)
    HardFault_Handler                        0x080014e5   Thumb Code     2  stm32l4xx_it.o(.text.HardFault_Handler)
    MX_GPIO_Init                             0x0800168d   Thumb Code   156  gpio.o(.text.MX_GPIO_Init)
    MX_I2C1_Init                             0x08001729   Thumb Code    92  i2c.o(.text.MX_I2C1_Init)
    MX_USART2_UART_Init                      0x08001781   Thumb Code    60  usart.o(.text.MX_USART2_UART_Init)
    MemManage_Handler                        0x080017bd   Thumb Code     2  stm32l4xx_it.o(.text.MemManage_Handler)
    NMI_Handler                              0x080017bf   Thumb Code     2  stm32l4xx_it.o(.text.NMI_Handler)
    OLED_Clear                               0x080017c1   Thumb Code    56  oled.o(.text.OLED_Clear)
    OLED_DrawBMP                             0x080017f5   Thumb Code    62  oled.o(.text.OLED_DrawBMP)
    OLED_Init                                0x08001835   Thumb Code   144  oled.o(.text.OLED_Init)
    OLED_Set_Pos                             0x080018c1   Thumb Code    40  oled.o(.text.OLED_Set_Pos)
    OLED_ShowCHinese                         0x080018e9   Thumb Code    72  oled.o(.text.OLED_ShowCHinese)
    OLED_ShowChar                            0x08001931   Thumb Code   144  oled.o(.text.OLED_ShowChar)
    OLED_ShowString                          0x080019c1   Thumb Code    52  oled.o(.text.OLED_ShowString)
    PendSV_Handler                           0x08001a41   Thumb Code     2  stm32l4xx_it.o(.text.PendSV_Handler)
    SVC_Handler                              0x08001ced   Thumb Code     2  stm32l4xx_it.o(.text.SVC_Handler)
    SysTick_Handler                          0x08001cef   Thumb Code     4  stm32l4xx_it.o(.text.SysTick_Handler)
    SystemClock_Config                       0x08001cf5   Thumb Code   136  main.o(.text.SystemClock_Config)
    SystemInit                               0x08001d7d   Thumb Code    76  system_stm32l4xx.o(.text.SystemInit)
    UART_AdvFeatureConfig                    0x08001dc9   Thumb Code   210  stm32l4xx_hal_uart.o(.text.UART_AdvFeatureConfig)
    UART_CheckIdleState                      0x08001e9b   Thumb Code    94  stm32l4xx_hal_uart.o(.text.UART_CheckIdleState)
    UART_SetConfig                           0x08001ef9   Thumb Code   548  stm32l4xx_hal_uart.o(.text.UART_SetConfig)
    UART_WaitOnFlagUntilTimeout              0x0800211d   Thumb Code   154  stm32l4xx_hal_uart.o(.text.UART_WaitOnFlagUntilTimeout)
    UsageFault_Handler                       0x080021b7   Thumb Code     2  stm32l4xx_it.o(.text.UsageFault_Handler)
    fputc                                    0x080021dd   Thumb Code    20  usart.o(.text.fputc)
    main                                     0x080021f1   Thumb Code   308  main.o(.text.main)
    __scatterload_copy                       0x08002325   Thumb Code    14  handlers.o(i.__scatterload_copy)
    __scatterload_null                       0x08002333   Thumb Code     2  handlers.o(i.__scatterload_null)
    __scatterload_zeroinit                   0x08002335   Thumb Code    14  handlers.o(i.__scatterload_zeroinit)
    puts                                     0x08002345   Thumb Code    30  puts.o(i.puts)
    AHBPrescTable                            0x08002368   Data          16  system_stm32l4xx.o(.rodata.AHBPrescTable)
    APBPrescTable                            0x08002378   Data           8  system_stm32l4xx.o(.rodata.APBPrescTable)
    F6x8                                     0x08002380   Data         552  oled.o(.rodata.F6x8)
    F8X16                                    0x080025a8   Data        1520  oled.o(.rodata.F8X16)
    MSIRangeTable                            0x08002b98   Data          48  system_stm32l4xx.o(.rodata.MSIRangeTable)
    Region$$Table$$Base                      0x08002bc8   Number         0  anon$$obj.o(Region$$Table)
    Region$$Table$$Limit                     0x08002be8   Number         0  anon$$obj.o(Region$$Table)
    __stdout                                 0x20000000   Data           4  stdout.o(.data)
    uwTickPrio                               0x20000004   Data           4  stm32l4xx_hal.o(.data..L_MergedGlobals)
    uwTickFreq                               0x20000008   Data           4  stm32l4xx_hal.o(.data..L_MergedGlobals)
    BMP1                                     0x2000000c   Data        1024  main.o(.data.BMP1)
    Hzk                                      0x2000040c   Data         192  oled.o(.data.Hzk)
    SystemCoreClock                          0x200004cc   Data           4  system_stm32l4xx.o(.data.SystemCoreClock)
    hi2c1                                    0x200004d0   Data          76  i2c.o(.bss.hi2c1)
    huart2                                   0x2000051c   Data         128  usart.o(.bss.huart2)
    uwTick                                   0x2000059c   Data           4  stm32l4xx_hal.o(.bss.uwTick)
    __initial_sp                             0x200009a0   Data           0  startup_stm32l476xx.o(STACK)



==============================================================================

Memory Map of the image

  Image Entry point : 0x08000189

  Load Region LR_IROM1 (Base: 0x08000000, Size: 0x000030b8, Max: 0x00100000, ABSOLUTE, COMPRESSED[0x00002d30])

    Execution Region ER_IROM1 (Exec base: 0x08000000, Load base: 0x08000000, Size: 0x00002be8, Max: 0x00100000, ABSOLUTE)

    Exec Addr    Load Addr    Size         Type   Attr      Idx    E Section Name        Object

    0x08000000   0x08000000   0x00000188   Data   RO            3    RESET               startup_stm32l476xx.o
    0x08000188   0x08000188   0x00000000   Code   RO         1013  * .ARM.Collect$$$$00000000  mc_w.l(entry.o)
    0x08000188   0x08000188   0x00000004   Code   RO         1024    .ARM.Collect$$$$00000001  mc_w.l(entry2.o)
    0x0800018c   0x0800018c   0x00000004   Code   RO         1027    .ARM.Collect$$$$00000004  mc_w.l(entry5.o)
    0x08000190   0x08000190   0x00000000   Code   RO         1029    .ARM.Collect$$$$00000008  mc_w.l(entry7b.o)
    0x08000190   0x08000190   0x00000000   Code   RO         1031    .ARM.Collect$$$$0000000A  mc_w.l(entry8b.o)
    0x08000190   0x08000190   0x00000008   Code   RO         1032    .ARM.Collect$$$$0000000B  mc_w.l(entry9a.o)
    0x08000198   0x08000198   0x00000000   Code   RO         1034    .ARM.Collect$$$$0000000D  mc_w.l(entry10a.o)
    0x08000198   0x08000198   0x00000000   Code   RO         1036    .ARM.Collect$$$$0000000F  mc_w.l(entry11a.o)
    0x08000198   0x08000198   0x00000004   Code   RO         1025    .ARM.Collect$$$$00002712  mc_w.l(entry2.o)
    0x0800019c   0x0800019c   0x00000024   Code   RO            4    .text               startup_stm32l476xx.o
    0x080001c0   0x080001c0   0x00000068   Code   RO         1020    .text               mc_w.l(uldiv.o)
    0x08000228   0x08000228   0x00000024   Code   RO         1022    .text               mc_w.l(memseta.o)
    0x0800024c   0x0800024c   0x0000001e   Code   RO         1039    .text               mc_w.l(llshl.o)
    0x0800026a   0x0800026a   0x00000020   Code   RO         1041    .text               mc_w.l(llushr.o)
    0x0800028a   0x0800028a   0x00000002   PAD
    0x0800028c   0x0800028c   0x00000024   Code   RO         1043    .text               mc_w.l(init.o)
    0x080002b0   0x080002b0   0x00000056   Code   RO         1053    .text               mc_w.l(__dczerorl2.o)
    0x08000306   0x08000306   0x00000002   Code   RO          985    .text.BusFault_Handler  stm32l4xx_it.o
    0x08000308   0x08000308   0x00000002   Code   RO          991    .text.DebugMon_Handler  stm32l4xx_it.o
    0x0800030a   0x0800030a   0x00000002   Code   RO          921    .text.Error_Handler  main.o
    0x0800030c   0x0800030c   0x00000024   Code   RO          219    .text.HAL_Delay     stm32l4xx_hal.o
    0x08000330   0x08000330   0x00000196   Code   RO          439    .text.HAL_GPIO_Init  stm32l4xx_hal_gpio.o
    0x080004c6   0x080004c6   0x0000000c   Code   RO          445    .text.HAL_GPIO_WritePin  stm32l4xx_hal_gpio.o
    0x080004d2   0x080004d2   0x00000002   PAD
    0x080004d4   0x080004d4   0x00000008   Code   RO          211    .text.HAL_GetTick   stm32l4xx_hal.o
    0x080004dc   0x080004dc   0x0000004a   Code   RO          178    .text.HAL_I2CEx_ConfigAnalogFilter  stm32l4xx_hal_i2c_ex.o
    0x08000526   0x08000526   0x00000048   Code   RO          180    .text.HAL_I2CEx_ConfigDigitalFilter  stm32l4xx_hal_i2c_ex.o
    0x0800056e   0x0800056e   0x00000002   PAD
    0x08000570   0x08000570   0x000000a0   Code   RO           11    .text.HAL_I2C_Init  stm32l4xx_hal_i2c.o
    0x08000610   0x08000610   0x0000013c   Code   RO           19    .text.HAL_I2C_Master_Transmit  stm32l4xx_hal_i2c.o
    0x0800074c   0x0800074c   0x0000006c   Code   RO          947    .text.HAL_I2C_MspInit  i2c.o
    0x080007b8   0x080007b8   0x00000014   Code   RO          209    .text.HAL_IncTick   stm32l4xx_hal.o
    0x080007cc   0x080007cc   0x0000002c   Code   RO          199    .text.HAL_Init      stm32l4xx_hal.o
    0x080007f8   0x080007f8   0x00000044   Code   RO          201    .text.HAL_InitTick  stm32l4xx_hal.o
    0x0800083c   0x0800083c   0x00000030   Code   RO         1005    .text.HAL_MspInit   stm32l4xx_hal_msp.o
    0x0800086c   0x0800086c   0x0000003c   Code   RO          630    .text.HAL_NVIC_SetPriority  stm32l4xx_hal_cortex.o
    0x080008a8   0x080008a8   0x00000020   Code   RO          628    .text.HAL_NVIC_SetPriorityGrouping  stm32l4xx_hal_cortex.o
    0x080008c8   0x080008c8   0x00000064   Code   RO          543    .text.HAL_PWREx_ControlVoltageScaling  stm32l4xx_hal_pwr_ex.o
    0x0800092c   0x0800092c   0x0000000c   Code   RO          541    .text.HAL_PWREx_GetVoltageRange  stm32l4xx_hal_pwr_ex.o
    0x08000938   0x08000938   0x0000000c   Code   RO          502    .text.HAL_PWR_EnableBkUpAccess  stm32l4xx_hal_pwr.o
    0x08000944   0x08000944   0x00000010   Code   RO          355    .text.HAL_RCCEx_EnableMSIPLLMode  stm32l4xx_hal_rcc_ex.o
    0x08000954   0x08000954   0x00000354   Code   RO          317    .text.HAL_RCCEx_PeriphCLKConfig  stm32l4xx_hal_rcc_ex.o
    0x08000ca8   0x08000ca8   0x0000012c   Code   RO          288    .text.HAL_RCC_ClockConfig  stm32l4xx_hal_rcc.o
    0x08000dd4   0x08000dd4   0x00000018   Code   RO          294    .text.HAL_RCC_GetPCLK1Freq  stm32l4xx_hal_rcc.o
    0x08000dec   0x08000dec   0x00000024   Code   RO          296    .text.HAL_RCC_GetPCLK2Freq  stm32l4xx_hal_rcc.o
    0x08000e10   0x08000e10   0x0000009c   Code   RO          286    .text.HAL_RCC_GetSysClockFreq  stm32l4xx_hal_rcc.o
    0x08000eac   0x08000eac   0x00000550   Code   RO          282    .text.HAL_RCC_OscConfig  stm32l4xx_hal_rcc.o
    0x080013fc   0x080013fc   0x00000028   Code   RO          642    .text.HAL_SYSTICK_Config  stm32l4xx_hal_cortex.o
    0x08001424   0x08001424   0x00000060   Code   RO          706    .text.HAL_UART_Init  stm32l4xx_hal_uart.o
    0x08001484   0x08001484   0x00000060   Code   RO          965    .text.HAL_UART_MspInit  usart.o
    0x080014e4   0x080014e4   0x00000002   Code   RO          981    .text.HardFault_Handler  stm32l4xx_it.o
    0x080014e6   0x080014e6   0x0000001c   Code   RO          151    .text.I2C_Flush_TXDR  stm32l4xx_hal_i2c.o
    0x08001502   0x08001502   0x00000002   PAD
    0x08001504   0x08001504   0x0000006c   Code   RO          167    .text.I2C_IsAcknowledgeFailed  stm32l4xx_hal_i2c.o
    0x08001570   0x08001570   0x00000024   Code   RO           23    .text.I2C_TransferConfig  stm32l4xx_hal_i2c.o
    0x08001594   0x08001594   0x00000060   Code   RO           21    .text.I2C_WaitOnFlagUntilTimeout  stm32l4xx_hal_i2c.o
    0x080015f4   0x080015f4   0x00000048   Code   RO           27    .text.I2C_WaitOnSTOPFlagUntilTimeout  stm32l4xx_hal_i2c.o
    0x0800163c   0x0800163c   0x00000050   Code   RO           25    .text.I2C_WaitOnTXISFlagUntilTimeout  stm32l4xx_hal_i2c.o
    0x0800168c   0x0800168c   0x0000009c   Code   RO          934    .text.MX_GPIO_Init  gpio.o
    0x08001728   0x08001728   0x00000058   Code   RO          945    .text.MX_I2C1_Init  i2c.o
    0x08001780   0x08001780   0x0000003c   Code   RO          963    .text.MX_USART2_UART_Init  usart.o
    0x080017bc   0x080017bc   0x00000002   Code   RO          983    .text.MemManage_Handler  stm32l4xx_it.o
    0x080017be   0x080017be   0x00000002   Code   RO          979    .text.NMI_Handler   stm32l4xx_it.o
    0x080017c0   0x080017c0   0x00000034   Code   RO          887    .text.OLED_Clear    oled.o
    0x080017f4   0x080017f4   0x0000003e   Code   RO          901    .text.OLED_DrawBMP  oled.o
    0x08001832   0x08001832   0x00000002   PAD
    0x08001834   0x08001834   0x0000008c   Code   RO          903    .text.OLED_Init     oled.o
    0x080018c0   0x080018c0   0x00000028   Code   RO          879    .text.OLED_Set_Pos  oled.o
    0x080018e8   0x080018e8   0x00000048   Code   RO          899    .text.OLED_ShowCHinese  oled.o
    0x08001930   0x08001930   0x00000090   Code   RO          893    .text.OLED_ShowChar  oled.o
    0x080019c0   0x080019c0   0x00000034   Code   RO          897    .text.OLED_ShowString  oled.o
    0x080019f4   0x080019f4   0x00000024   Code   RO          881    .text.OLED_Write_Cmd  oled.o
    0x08001a18   0x08001a18   0x00000028   Code   RO          889    .text.OLED_Write_Dat  oled.o
    0x08001a40   0x08001a40   0x00000002   Code   RO          993    .text.PendSV_Handler  stm32l4xx_it.o
    0x08001a42   0x08001a42   0x00000002   PAD
    0x08001a44   0x08001a44   0x0000011c   Code   RO          319    .text.RCCEx_PLLSAI1_Config  stm32l4xx_hal_rcc_ex.o
    0x08001b60   0x08001b60   0x00000104   Code   RO          321    .text.RCCEx_PLLSAI2_Config  stm32l4xx_hal_rcc_ex.o
    0x08001c64   0x08001c64   0x00000088   Code   RO          284    .text.RCC_SetFlashLatencyFromMSIRange  stm32l4xx_hal_rcc.o
    0x08001cec   0x08001cec   0x00000002   Code   RO          989    .text.SVC_Handler   stm32l4xx_it.o
    0x08001cee   0x08001cee   0x00000004   Code   RO          995    .text.SysTick_Handler  stm32l4xx_it.o
    0x08001cf2   0x08001cf2   0x00000002   PAD
    0x08001cf4   0x08001cf4   0x00000088   Code   RO          919    .text.SystemClock_Config  main.o
    0x08001d7c   0x08001d7c   0x0000004c   Code   RO          862    .text.SystemInit    system_stm32l4xx.o
    0x08001dc8   0x08001dc8   0x000000d2   Code   RO          712    .text.UART_AdvFeatureConfig  stm32l4xx_hal_uart.o
    0x08001e9a   0x08001e9a   0x0000005e   Code   RO          714    .text.UART_CheckIdleState  stm32l4xx_hal_uart.o
    0x08001ef8   0x08001ef8   0x00000224   Code   RO          710    .text.UART_SetConfig  stm32l4xx_hal_uart.o
    0x0800211c   0x0800211c   0x0000009a   Code   RO          728    .text.UART_WaitOnFlagUntilTimeout  stm32l4xx_hal_uart.o
    0x080021b6   0x080021b6   0x00000002   Code   RO          987    .text.UsageFault_Handler  stm32l4xx_it.o
    0x080021b8   0x080021b8   0x00000024   Code   RO          632    .text.__NVIC_SetPriority  stm32l4xx_hal_cortex.o
    0x080021dc   0x080021dc   0x00000014   Code   RO          961    .text.fputc         usart.o
    0x080021f0   0x080021f0   0x00000134   Code   RO          917    .text.main          main.o
    0x08002324   0x08002324   0x0000000e   Code   RO         1047    i.__scatterload_copy  mc_w.l(handlers.o)
    0x08002332   0x08002332   0x00000002   Code   RO         1048    i.__scatterload_null  mc_w.l(handlers.o)
    0x08002334   0x08002334   0x0000000e   Code   RO         1049    i.__scatterload_zeroinit  mc_w.l(handlers.o)
    0x08002342   0x08002342   0x00000002   PAD
    0x08002344   0x08002344   0x00000024   Code   RO         1016    i.puts              mc_w.l(puts.o)
    0x08002368   0x08002368   0x00000010   Data   RO          867    .rodata.AHBPrescTable  system_stm32l4xx.o
    0x08002378   0x08002378   0x00000008   Data   RO          868    .rodata.APBPrescTable  system_stm32l4xx.o
    0x08002380   0x08002380   0x00000228   Data   RO          905    .rodata.F6x8        oled.o
    0x080025a8   0x080025a8   0x000005f0   Data   RO          906    .rodata.F8X16       oled.o
    0x08002b98   0x08002b98   0x00000030   Data   RO          869    .rodata.MSIRangeTable  system_stm32l4xx.o
    0x08002bc8   0x08002bc8   0x00000020   Data   RO         1046    Region$$Table       anon$$obj.o


    Execution Region RW_IRAM2 (Exec base: 0x10000000, Load base: 0x08002d30, Size: 0x00000000, Max: 0x00008000, ABSOLUTE)

    **** No section assigned to this execution region ****


    Execution Region RW_IRAM1 (Exec base: 0x20000000, Load base: 0x08002be8, Size: 0x000009a0, Max: 0x00018000, ABSOLUTE, COMPRESSED[0x00000148])

    Exec Addr    Load Addr    Size         Type   Attr      Idx    E Section Name        Object

    0x20000000   COMPRESSED   0x00000004   Data   RW         1038    .data               mc_w.l(stdout.o)
    0x20000004   COMPRESSED   0x00000008   Data   RW          270    .data..L_MergedGlobals  stm32l4xx_hal.o
    0x2000000c   COMPRESSED   0x00000400   Data   RW          923    .data.BMP1          main.o
    0x2000040c   COMPRESSED   0x000000c0   Data   RW          907    .data.Hzk           oled.o
    0x200004cc   COMPRESSED   0x00000004   Data   RW          866    .data.SystemCoreClock  system_stm32l4xx.o
    0x200004d0        -       0x0000004c   Zero   RW          951    .bss.hi2c1          i2c.o
    0x2000051c        -       0x00000080   Zero   RW          969    .bss.huart2         usart.o
    0x2000059c        -       0x00000004   Zero   RW          269    .bss.uwTick         stm32l4xx_hal.o
    0x200005a0        -       0x00000400   Zero   RW            1    STACK               startup_stm32l476xx.o


==============================================================================

Image component sizes


      Code (inc. data)   RO Data    RW Data    ZI Data      Debug   Object Name

       156         12          0          0          0       2337   gpio.o
       196         20          0          0         76       5187   i2c.o
       446         64          0       1024          0       4071   main.o
       638         20       2072        192          0       4778   oled.o
        36          8        392          0       1024        796   startup_stm32l476xx.o
       176         16          0          8          4       8958   stm32l4xx_hal.o
       168         24          0          0          0       9775   stm32l4xx_hal_cortex.o
       418         20          0          0          0       5037   stm32l4xx_hal_gpio.o
       896         20          0          0          0      34382   stm32l4xx_hal_i2c.o
       146          0          0          0          0       5614   stm32l4xx_hal_i2c_ex.o
        48          4          0          0          0       1514   stm32l4xx_hal_msp.o
        12          0          0          0          0       5199   stm32l4xx_hal_pwr.o
       112          8          0          0          0       8878   stm32l4xx_hal_pwr_ex.o
      2012         80          0          0          0       9185   stm32l4xx_hal_rcc.o
      1412         36          0          0          0      11913   stm32l4xx_hal_rcc_ex.o
      1102        120          0          0          0      19952   stm32l4xx_hal_uart.o
        20          0          0          0          0        971   stm32l4xx_it.o
        76         12         72          4          0       2969   system_stm32l4xx.o
       176         12          0          0        128       5450   usart.o

    ----------------------------------------------------------------------
      8258        476       2568       1228       1232     146966   Object Totals
         0          0         32          0          0          0   (incl. Generated)
        12          0          0          0          0          0   (incl. Padding)

    ----------------------------------------------------------------------

      Code (inc. data)   RO Data    RW Data    ZI Data      Debug   Library Member Name

        86          0          0          0          0          0   __dczerorl2.o
         0          0          0          0          0          0   entry.o
         0          0          0          0          0          0   entry10a.o
         0          0          0          0          0          0   entry11a.o
         8          4          0          0          0          0   entry2.o
         4          0          0          0          0          0   entry5.o
         0          0          0          0          0          0   entry7b.o
         0          0          0          0          0          0   entry8b.o
         8          4          0          0          0          0   entry9a.o
        30          0          0          0          0          0   handlers.o
        36          8          0          0          0         68   init.o
        30          0          0          0          0         68   llshl.o
        32          0          0          0          0         68   llushr.o
        36          0          0          0          0        108   memseta.o
        36          6          0          0          0         80   puts.o
         0          0          0          4          0          0   stdout.o
       104          0          0          0          0         92   uldiv.o

    ----------------------------------------------------------------------
       414         22          0          4          0        484   Library Totals
         4          0          0          0          0          0   (incl. Padding)

    ----------------------------------------------------------------------

      Code (inc. data)   RO Data    RW Data    ZI Data      Debug   Library Name

       410         22          0          4          0        484   mc_w.l

    ----------------------------------------------------------------------
       414         22          0          4          0        484   Library Totals

    ----------------------------------------------------------------------

==============================================================================


      Code (inc. data)   RO Data    RW Data    ZI Data      Debug   

      8672        498       2568       1232       1232     147306   Grand Totals
      8672        498       2568        328       1232     147306   ELF Image Totals (compressed)
      8672        498       2568        328          0          0   ROM Totals

==============================================================================

    Total RO  Size (Code + RO Data)                11240 (  10.98kB)
    Total RW  Size (RW Data + ZI Data)              2464 (   2.41kB)
    Total ROM Size (Code + RO Data + RW Data)      11568 (  11.30kB)

==============================================================================

